******************************************************************************
                  TI ARM Linker PC v5.2.5                      
******************************************************************************
>> Linked Thu May 26 16:02:32 2016

OUTPUT FILE NAME:   <uartecho_CC1310_LAUNCHXL_TI_CC1310F128.out>
ENTRY POINT SYMBOL: "ResetISR"  address: 00006509


MEMORY CONFIGURATION

         name            origin    length      used     unused   attr    fill
----------------------  --------  ---------  --------  --------  ----  --------
  FLASH                 00000000   00020000  000072c1  00018d3f  R  X
  SRAM                  20000000   00005000  00001dee  00003212  RW X


SEGMENT ALLOCATION MAP

run origin  load origin   length   init length attrs members
----------  ----------- ---------- ----------- ----- -------
00000000    00000000    00000a18   00000a18    r--
  00000000    00000000    0000003c   0000003c    r-- .resetVecs
  0000003c    0000003c    00000521   00000521    r-- .const
  00000560    00000560    000004b8   000004b8    r-- .cinit
00001000    00001000    00006860   00006860    r-x
  00001000    00001000    0000003c   0000003c    r-- .const:ti_sysbios_knl_Task_Object__PARAMS__C
  0000103c    0000103c    00000034   00000034    r-- .const:ti_sysbios_knl_Mailbox_Object__PARAMS__C
  00001070    00001070    00000030   00000030    r-- .const:ti_sysbios_family_arm_m3_Hwi_Object__PARAMS__C
  000010a0    000010a0    0000002c   0000002c    r-- .const:ti_sysbios_hal_Hwi_Object__PARAMS__C
  000010cc    000010cc    00000028   00000028    r-- .const:ti_sysbios_heaps_HeapMem_Module__FXNS__C
  000010f4    000010f4    00000028   00000028    r-- .const:ti_sysbios_knl_Swi_Object__PARAMS__C
  0000111c    0000111c    00000024   00000024    r-- .const:ti_sysbios_gates_GateHwi_Module__FXNS__C
  00001140    00001140    00000024   00000024    r-- .const:ti_sysbios_gates_GateMutex_Module__FXNS__C
  00001164    00001164    00000024   00000024    r-- .const:ti_sysbios_heaps_HeapMem_Object__PARAMS__C
  00001188    00001188    00000024   00000024    r-- .const:ti_sysbios_knl_Clock_Object__PARAMS__C
  000011ac    000011ac    00000024   00000024    r-- .const:ti_sysbios_knl_Semaphore_Object__PARAMS__C
  000011d0    000011d0    00000020   00000020    r-- .const:ti_sysbios_family_arm_m3_Hwi_Object__DESC__C
  000011f0    000011f0    00000020   00000020    r-- .const:ti_sysbios_gates_GateHwi_Object__DESC__C
  00001210    00001210    00000020   00000020    r-- .const:ti_sysbios_gates_GateMutex_Object__DESC__C
  00001230    00001230    00000020   00000020    r-- .const:ti_sysbios_hal_Hwi_Object__DESC__C
  00001250    00001250    00000020   00000020    r-- .const:ti_sysbios_heaps_HeapMem_Object__DESC__C
  00001270    00001270    00000020   00000020    r-- .const:ti_sysbios_knl_Clock_Object__DESC__C
  00001290    00001290    00000020   00000020    r-- .const:ti_sysbios_knl_Mailbox_Object__DESC__C
  000012b0    000012b0    00000020   00000020    r-- .const:ti_sysbios_knl_Queue_Object__DESC__C
  000012d0    000012d0    00000020   00000020    r-- .const:ti_sysbios_knl_Semaphore_Object__DESC__C
  000012f0    000012f0    00000020   00000020    r-- .const:ti_sysbios_knl_Swi_Object__DESC__C
  00001310    00001310    00000020   00000020    r-- .const:ti_sysbios_knl_Task_Object__DESC__C
  00001330    00001330    00000018   00000018    r-- .const:ti_sysbios_gates_GateHwi_Object__PARAMS__C
  00001348    00001348    00000018   00000018    r-- .const:ti_sysbios_gates_GateMutex_Object__PARAMS__C
  00001360    00001360    00000018   00000018    r-- .const:ti_sysbios_knl_Queue_Object__PARAMS__C
  00001378    00001378    00000008   00000008    r-- .const:ti_sysbios_knl_Idle_funcList__C
  00001384    00001384    00000004   00000004    r-- .const:ti_sysbios_family_arm_cc26xx_Timer_startupNeeded__C
  00001388    00001388    00000004   00000004    r-- .const:ti_sysbios_family_arm_m3_Hwi_E_alreadyDefined__C
  0000138c    0000138c    00000004   00000004    r-- .const:ti_sysbios_family_arm_m3_Hwi_E_hwiLimitExceeded__C
  00001390    00001390    00000004   00000004    r-- .const:ti_sysbios_family_arm_m3_Hwi_NUM_INTERRUPTS__C
  00001394    00001394    00000004   00000004    r-- .const:ti_sysbios_family_arm_m3_Hwi_Object__count__C
  00001398    00001398    00000004   00000004    r-- .const:ti_sysbios_family_arm_m3_Hwi_Object__table__C
  0000139c    0000139c    00000004   00000004    r-- .const:ti_sysbios_family_arm_m3_Hwi_ccr__C
  000013a0    000013a0    00000004   00000004    r-- .const:ti_sysbios_family_arm_m3_Hwi_excHandlerFunc__C
  000013a4    000013a4    00000004   00000004    r-- .const:ti_sysbios_family_arm_m3_Hwi_nullIsrFunc__C
  000013a8    000013a8    00000004   00000004    r-- .const:ti_sysbios_family_arm_m3_Hwi_numSparseInterrupts__C
  000013ac    000013ac    00000004   00000004    r-- .const:ti_sysbios_family_arm_m3_Hwi_priGroup__C
  000013b0    000013b0    00000004   00000004    r-- .const:ti_sysbios_family_arm_m3_TaskSupport_stackAlignment__C
  000013b4    000013b4    00000004   00000004    r-- .const:ti_sysbios_heaps_HeapMem_E_memory__C
  000013b8    000013b8    00000004   00000004    r-- .const:ti_sysbios_heaps_HeapMem_Module__gateObj__C
  000013bc    000013bc    00000004   00000004    r-- .const:ti_sysbios_heaps_HeapMem_Object__count__C
  000013c0    000013c0    00000004   00000004    r-- .const:ti_sysbios_heaps_HeapMem_Object__table__C
  000013c4    000013c4    00000004   00000004    r-- .const:ti_sysbios_heaps_HeapMem_reqAlign__C
  000013c8    000013c8    00000004   00000004    r-- .const:ti_sysbios_knl_Clock_serviceMargin__C
  000013cc    000013cc    00000004   00000004    r-- .const:ti_sysbios_knl_Mailbox_Object__count__C
  000013d0    000013d0    00000004   00000004    r-- .const:ti_sysbios_knl_Mailbox_Object__table__C
  000013d4    000013d4    00000004   00000004    r-- .const:ti_sysbios_knl_Mailbox_maxTypeAlign__C
  000013d8    000013d8    00000004   00000004    r-- .const:ti_sysbios_knl_Queue_Object__count__C
  000013dc    000013dc    00000004   00000004    r-- .const:ti_sysbios_knl_Queue_Object__table__C
  000013e0    000013e0    00000004   00000004    r-- .const:ti_sysbios_knl_Swi_Object__count__C
  000013e4    000013e4    00000004   00000004    r-- .const:ti_sysbios_knl_Swi_Object__table__C
  000013e8    000013e8    00000004   00000004    r-- .const:ti_sysbios_knl_Swi_numPriorities__C
  000013ec    000013ec    00000004   00000004    r-- .const:ti_sysbios_knl_Task_Object__count__C
  000013f0    000013f0    00000004   00000004    r-- .const:ti_sysbios_knl_Task_Object__table__C
  000013f4    000013f4    00000004   00000004    r-- .const:ti_sysbios_knl_Task_allBlockedFunc__C
  000013f8    000013f8    00000004   00000004    r-- .const:ti_sysbios_knl_Task_defaultStackHeap__C
  000013fc    000013fc    00000004   00000004    r-- .const:ti_sysbios_knl_Task_defaultStackSize__C
  00001400    00001400    00000004   00000004    r-- .const:ti_sysbios_knl_Task_numConstructedTasks__C
  00001406    00001406    00000002   00000002    r-- .const:ti_sysbios_family_arm_cc26xx_Timer_Module__id__C
  00001408    00001408    00000002   00000002    r-- .const:ti_sysbios_family_arm_cc26xx_TimestampProvider_useClockTimer__C
  0000140a    0000140a    00000002   00000002    r-- .const:ti_sysbios_family_arm_m3_Hwi_Module__id__C
  0000140c    0000140c    00000002   00000002    r-- .const:ti_sysbios_gates_GateHwi_Module__id__C
  0000140e    0000140e    00000002   00000002    r-- .const:ti_sysbios_gates_GateMutex_Module__id__C
  00001410    00001410    00000002   00000002    r-- .const:ti_sysbios_heaps_HeapMem_Module__id__C
  00001412    00001412    00000002   00000002    r-- .const:ti_sysbios_knl_Task_initStackFlag__C
  00001414    00001414    00000001   00000001    r-- .const:ti_sysbios_knl_Clock_tickMode__C
  00001418    00001418    00000008   00000008    r-- .const:xdc_runtime_Startup_firstFxns__C
  00001420    00001420    00000008   00000008    r-- .const:xdc_runtime_Startup_lastFxns__C
  00001428    00001428    00000004   00000004    r-- .const:xdc_runtime_Assert_E_assertFailed__C
  0000142c    0000142c    00000004   00000004    r-- .const:xdc_runtime_Error_E_memory__C
  00001430    00001430    00000004   00000004    r-- .const:xdc_runtime_Error_policyFxn__C
  00001434    00001434    00000004   00000004    r-- .const:xdc_runtime_IGateProvider_Interface__BASE__C
  00001438    00001438    00000004   00000004    r-- .const:xdc_runtime_IHeap_Interface__BASE__C
  0000143c    0000143c    00000004   00000004    r-- .const:xdc_runtime_IModule_Interface__BASE__C
  00001440    00001440    00000004   00000004    r-- .const:xdc_runtime_Main_Module__diagsEnabled__C
  00001444    00001444    00000004   00000004    r-- .const:xdc_runtime_Main_Module__diagsIncluded__C
  00001448    00001448    00000004   00000004    r-- .const:xdc_runtime_Main_Module__diagsMask__C
  0000144c    0000144c    00000004   00000004    r-- .const:xdc_runtime_Memory_defaultHeapInstance__C
  00001450    00001450    00000004   00000004    r-- .const:xdc_runtime_Startup_execImpl__C
  00001454    00001454    00000004   00000004    r-- .const:xdc_runtime_Startup_maxPasses__C
  00001458    00001458    00000004   00000004    r-- .const:xdc_runtime_Startup_sfxnRts__C
  0000145c    0000145c    00000004   00000004    r-- .const:xdc_runtime_Startup_sfxnTab__C
  00001460    00001460    00000004   00000004    r-- .const:xdc_runtime_Startup_startModsFxn__C
  00001464    00001464    00000004   00000004    r-- .const:xdc_runtime_SysCallback_abortFxn__C
  00001468    00001468    00000004   00000004    r-- .const:xdc_runtime_SysCallback_exitFxn__C
  0000146c    0000146c    00000004   00000004    r-- .const:xdc_runtime_System_abortFxn__C
  00001470    00001470    00000004   00000004    r-- .const:xdc_runtime_System_exitFxn__C
  00001474    00001474    00000004   00000004    r-- .const:xdc_runtime_System_maxAtexitHandlers__C
  00001478    00001478    00000004   00000004    r-- .const:xdc_runtime_Text_charTab__C
  0000147c    0000147c    00000004   00000004    r-- .const:xdc_runtime_Text_nameEmpty__C
  00001480    00001480    00000004   00000004    r-- .const:xdc_runtime_Text_nameStatic__C
  00001484    00001484    00000004   00000004    r-- .const:xdc_runtime_Text_nameUnknown__C
  00001488    00001488    00000002   00000002    r-- .const:xdc_runtime_Main_Module__id__C
  0000148a    0000148a    00000002   00000002    r-- .const:xdc_runtime_Memory_Module__id__C
  0000148c    0000148c    00000002   00000002    r-- .const:xdc_runtime_Text_charCnt__C
  0000148e    0000148e    00000002   00000002    r-- .const:xdc_runtime_Text_isLoaded__C
  00001490    00001490    00000001   00000001    r-- .const:xdc_runtime_Error_policy__C
  00001494    00001494    00000004   00000004    r-- .const:ti_sysbios_rom_ROM_AONRTCChannelEnable
  00001498    00001498    00000004   00000004    r-- .const:ti_sysbios_rom_ROM_AONRTCCompareValueSet
  0000149c    0000149c    00000004   00000004    r-- .const:ti_sysbios_rom_ROM_AONRTCCurrentCompareValueGet
  000014a0    000014a0    00000004   00000004    r-- .const:ti_sysbios_rom_ROM_AONRTCEventClear
  000014a4    000014a4    00000004   00000004    r-- .const:ti_sysbios_rom_ROM_ti_sysbios_family_arm_cc26xx_Timer_getCount64__E
  000014a8    000014a8    00000004   00000004    r-- .const:ti_sysbios_rom_ROM_ti_sysbios_family_arm_cc26xx_Timer_getCurrentTick__E
  000014ac    000014ac    00000004   00000004    r-- .const:ti_sysbios_rom_ROM_ti_sysbios_family_arm_cc26xx_Timer_getMaxTicks__E
  000014b0    000014b0    00000004   00000004    r-- .const:ti_sysbios_rom_ROM_ti_sysbios_family_arm_cc26xx_Timer_initDevice__I
  000014b4    000014b4    00000004   00000004    r-- .const:ti_sysbios_rom_ROM_ti_sysbios_family_arm_cc26xx_Timer_setNextTick__E
  000014b8    000014b8    00000004   00000004    r-- .const:ti_sysbios_rom_ROM_ti_sysbios_family_arm_cc26xx_Timer_setThreshold__I
  000014bc    000014bc    00000004   00000004    r-- .const:ti_sysbios_rom_ROM_ti_sysbios_family_arm_cc26xx_Timer_start__E
  000014c0    000014c0    00000004   00000004    r-- .const:ti_sysbios_rom_ROM_ti_sysbios_family_arm_cc26xx_TimestampProvider_get32__E
  000014c4    000014c4    00000004   00000004    r-- .const:ti_sysbios_rom_ROM_xdc_runtime_Startup_getState__I
  000014c8    000014c8    00000004   00000004    r-- .const:ti_sysbios_rom_ROM_xdc_runtime_System_SupportProxy_abort__E
  000014cc    000014cc    00000004   00000004    r-- .const:ti_sysbios_rom_ROM_xdc_runtime_System_SupportProxy_exit__E
  000014d0    000014d0    00000004   00000004    r-- .const:ti_sysbios_gates_GateMutex_Instance_State_sem__O
  000014d4    000014d4    00000004   00000004    r-- .const:ti_sysbios_knl_Clock_Module_State_clockQ__O
  000014d8    000014d8    00000004   00000004    r-- .const:ti_sysbios_knl_Mailbox_Instance_State_dataQue__O
  000014dc    000014dc    00000004   00000004    r-- .const:ti_sysbios_knl_Mailbox_Instance_State_dataSem__O
  000014e0    000014e0    00000004   00000004    r-- .const:ti_sysbios_knl_Mailbox_Instance_State_freeQue__O
  000014e4    000014e4    00000004   00000004    r-- .const:ti_sysbios_knl_Mailbox_Instance_State_freeSem__O
  000014e8    000014e8    00000004   00000004    r-- .const:ti_sysbios_knl_Semaphore_Instance_State_pendQ__O
  000014ec    000014ec    00000004   00000004    r-- .const:ti_sysbios_knl_Task_Module_State_inactiveQ__O
  000014f0    000014f0    00006370   00006370    r-x .text
0001ffa8    0001ffa8    00000058   00000058    r--
  0001ffa8    0001ffa8    00000058   00000058    r-- .ccfg
20000000    20000000    000000dc   00000000    rw-
  20000000    20000000    000000dc   00000000    rw- .vecs
20000100    20000100    00000104   00000000    rw-
  20000100    20000100    00000044   00000000    rw- .data:ti_sysbios_knl_Task_Module__state__V
  20000144    20000144    00000034   00000000    rw- .data:ti_sysbios_family_arm_m3_Hwi_Module__state__V
  20000178    20000178    0000002c   00000000    rw- .data:ti_sysbios_knl_Clock_Module__state__V
  200001a4    200001a4    00000024   00000000    rw- .data:ti_sysbios_BIOS_Module__state__V
  200001c8    200001c8    0000001c   00000000    rw- .data:ti_sysbios_knl_Swi_Module__state__V
  200001e4    200001e4    00000008   00000000    rw- .data:ti_sysbios_family_arm_cc26xx_Timer_Module__state__V
  200001ec    200001ec    00000004   00000000    rw- .data:ti_sysbios_family_arm_cc26xx_TimestampProvider_Module__state__V
  200001f0    200001f0    00000008   00000000    rw- .data:xdc_runtime_Startup_Module__state__V
  200001f8    200001f8    00000008   00000000    rw- .data:xdc_runtime_System_Module__state__V
  20000200    20000200    00000004   00000000    rw- .data:xdc_runtime_Memory_Module__state__V
20000430    20000430    00000010   00000000    rw-
  20000430    20000430    00000010   00000000    rw- .TI.bound:dmaRxControlTableEntry0
20000440    20000440    00000010   00000000    rw-
  20000440    20000440    00000010   00000000    rw- .TI.bound:dmaTxControlTableEntry0
20000500    20000500    00000010   00000000    rw-
  20000500    20000500    00000010   00000000    rw- .TI.bound:dmaRxControlTableEntry1
20000510    20000510    000018e4   00000000    rw-
  20000510    20000510    00000010   00000000    rw- .TI.bound:dmaTxControlTableEntry1
  20000520    20000520    0000142a   00000000    rw- .bss
  20001950    20001950    000004a4   00000000    rw- .data
20004d00    20004d00    00000300   00000000    rw-
  20004d00    20004d00    00000300   00000000    rw- .stack


SECTION ALLOCATION MAP

 output                                  attributes/
section   page    origin      length       input sections
--------  ----  ----------  ----------   ----------------
.const     0    0000003c    00000521     
                  0000003c    00000278     smartrf_settings.obj (.const:patchImageGenfsk)
                  000002b4    00000054     drivers_cc13xxware.aem3 : SPICC26XXDMA.oem3 (.const)
                  00000308    0000004c                             : PowerCC26XX.oem3 (.const:resourceDB)
                  00000354    00000048     uartecho_pem3.oem3 (.const:.string)
                  0000039c    00000038     CC1310_LAUNCHXL.obj (.const:spiCC26XXDMAHWAttrs)
                  000003d4    00000028     CC1310_LAUNCHXL.obj (.const:BoardGpioInitTable)
                  000003fc    00000028     uartecho_pem3.oem3 (.const:xdc_runtime_Startup_sfxnTab__A)
                  00000424    00000024     CC1310_LAUNCHXL.obj (.const:SPI_config)
                  00000448    00000020     drivers_cc13xxware.aem3 : SPI.oem3 (.const)
                  00000468    0000001c                             : I2CCC26XX.oem3 (.const)
                  00000484    0000001c                             : RF.oem3 (.const)
                  000004a0    00000018     CC1310_LAUNCHXL.obj (.const:I2C_config)
                  000004b8    00000018     CC1310_LAUNCHXL.obj (.const:i2cCC26xxHWAttrs)
                  000004d0    00000014     CC1310_LAUNCHXL.obj (.const)
                  000004e4    00000014     uartecho_pem3.oem3 (.const:xdc_runtime_Startup_sfxnRts__A)
                  000004f8    00000010     CC1310_LAUNCHXL.obj (.const:UDMACC26XX_config)
                  00000508    00000010     drivers_cc13xxware.aem3 : I2C.oem3 (.const)
                  00000518    0000000c     uartecho_pem3.oem3 (.const:xdc_runtime_Startup_firstFxns__A)
                  00000524    00000008     CC1310_LAUNCHXL.obj (.const:PINCC26XX_hwAttrs)
                  0000052c    00000008     CC1310_LAUNCHXL.obj (.const:udmaHWAttrs)
                  00000534    00000006     ext_flash.obj (.const:.string)
                  0000053a    00000002     uartecho_pem3.oem3 (.const:xdc_runtime_SysMin_flushAtExit__C)
                  0000053c    00000004     uartecho_pem3.oem3 (.const:ti_sysbios_knl_Clock_tickPeriod__C)
                  00000540    00000004     uartecho_pem3.oem3 (.const:ti_sysbios_knl_Clock_triggerClock__C)
                  00000544    00000004     uartecho_pem3.oem3 (.const:ti_sysbios_knl_Idle_funcList__A)
                  00000548    00000004     uartecho_pem3.oem3 (.const:xdc_runtime_SysMin_bufSize__C)
                  0000054c    00000004     uartecho_pem3.oem3 (.const:xdc_runtime_SysMin_outputFunc__C)
                  00000550    00000004     uartecho_pem3.oem3 (.const:xdc_runtime_System_extendFxn__C)
                  00000554    00000004     uartecho_pem3.oem3 (.const:xdc_runtime_Text_visitRopeFxn__C)
                  00000558    00000002     uartecho_pem3.oem3 (.const:xdc_runtime_Text_registryModsLastId__C)
                  0000055a    00000002     uartecho_pem3.oem3 (.const:xdc_runtime_Text_unnamedModsLastId__C)
                  0000055c    00000001     uartecho_pem3.oem3 (.const:xdc_runtime_Text_charTab__A)

.cinit     0    00000560    000004b8     
                  00000560    000002dc     (.cinit..data.load) [load image, compression = rle]
                  0000083c    00000004     --HOLE-- [fill = 0]
                  00000840    0000002c     (.cinit..data:ti_sysbios_family_arm_m3_Hwi_Module__state__V.load) [load image, compression = rle]
                  0000086c    00000004     --HOLE-- [fill = 0]
                  00000870    0000002c     (.cinit..data:ti_sysbios_knl_Task_Module__state__V.load) [load image, compression = rle]
                  0000089c    00000004     --HOLE-- [fill = 0]
                  000008a0    00000021     (.cinit..data:ti_sysbios_knl_Clock_Module__state__V.load) [load image, compression = rle]
                  000008c1    00000007     --HOLE-- [fill = 0]
                  000008c8    0000001f     (.cinit..data:ti_sysbios_BIOS_Module__state__V.load) [load image, compression = rle]
                  000008e7    00000001     --HOLE-- [fill = 0]
                  000008e8    00000011     (.cinit..data:ti_sysbios_knl_Swi_Module__state__V.load) [load image, compression = rle]
                  000008f9    00000007     --HOLE-- [fill = 0]
                  00000900    0000000d     (.cinit..data:ti_sysbios_family_arm_cc26xx_Timer_Module__state__V.load) [load image, compression = rle]
                  0000090d    00000003     --HOLE-- [fill = 0]
                  00000910    0000000d     (.cinit..data:xdc_runtime_System_Module__state__V.load) [load image, compression = rle]
                  0000091d    00000003     --HOLE-- [fill = 0]
                  00000920    0000000c     (__TI_handler_table)
                  0000092c    00000004     --HOLE-- [fill = 0]
                  00000930    0000000a     (.cinit..data:xdc_runtime_Memory_Module__state__V.load) [load image, compression = rle]
                  0000093a    00000006     --HOLE-- [fill = 0]
                  00000940    00000009     (.cinit..data:ti_sysbios_family_arm_cc26xx_TimestampProvider_Module__state__V.load) [load image, compression = rle]
                  00000949    00000007     --HOLE-- [fill = 0]
                  00000950    00000009     (.cinit..data:xdc_runtime_Startup_Module__state__V.load) [load image, compression = rle]
                  00000959    00000007     --HOLE-- [fill = 0]
                  00000960    00000008     (.cinit..TI.bound:dmaRxControlTableEntry0.load) [load image, compression = zero_init]
                  00000968    00000008     (.cinit..TI.bound:dmaRxControlTableEntry1.load) [load image, compression = zero_init]
                  00000970    00000008     (.cinit..TI.bound:dmaTxControlTableEntry0.load) [load image, compression = zero_init]
                  00000978    00000008     (.cinit..TI.bound:dmaTxControlTableEntry1.load) [load image, compression = zero_init]
                  00000980    00000008     (.cinit..bss.load) [load image, compression = zero_init]
                  00000988    00000008     (.cinit..vecs.load) [load image, compression = zero_init]
                  00000990    00000088     (__TI_cinit_table)

.text      0    000014f0    00006370     
                  000014f0    00000434     uartecho.obj (.text:taskFxn)
                  00001924    000003ac     driverlib.lib : setup.obj (.text:HapiTrimDeviceShutDown)
                  00001cd0    00000338     rom_sysbios.aem3 : rom_sysbios.obj (.text:xdc_runtime_System_doPrint__I)
                  00002008    000002fc     drivers_cc13xxware.aem3 : RF.oem3 (.text:fsmActiveState)
                  00002304    000002d4     rtsv7M3_T_le_eabi.lib : trgdrv.obj (.text)
                  000025d8    00000230     driverlib.lib : sys_ctrl.obj (.text:SysCtrlSetRechargeBeforePowerDown)
                  00002808    00000228     drivers_cc13xxware.aem3 : PowerCC26XX.oem3 (.text:Power_sleep)
                  00002a30    000001f4     rtsv7M3_T_le_eabi.lib : ull_div_t2.obj (.text)
                  00002c24    000001ec     drivers_cc13xxware.aem3 : PowerCC26XX_calibrateRCOSC.oem3 (.text:calibrateRcoscHf1)
                  00002e10    000001e0                             : PINCC26XX.oem3 (.text:PIN_init)
                  00002ff0    00000198                             : PowerCC26XX_calibrateRCOSC.oem3 (.text:PowerCC26XX_doCalibrate)
                  00003188    00000184                             : RF.oem3 (.text:RF_postCmd)
                  0000330c    0000016c                             : RF.oem3 (.text:hwiFxnCpe0Active)
                  00003478    00000160                             : SPICC26XXDMA.oem3 (.text:SPICC26XXDMA_initIO)
                  000035d8    00000148                             : SPICC26XXDMA.oem3 (.text:SPICC26XXDMA_open)
                  00003720    00000128                             : PowerCC26XX.oem3 (.text:Power_init)
                  00003848    00000124                             : RF.oem3 (.text:fsmSetupState)
                  0000396c    00000114                             : RF.oem3 (.text:rf_init)
                  00003a80    000000f8                             : I2CCC26XX.oem3 (.text:I2CCC26XX_open)
                  00003b78    000000f8     uartecho_pem3.oem3 (.text:xdc_runtime_System_printfExtend__I)
                  00003c70    000000f4     drivers_cc13xxware.aem3 : I2CCC26XX.oem3 (.text:I2CCC26XX_hwiFxn)
                  00003d64    000000ec                             : SPICC26XXDMA.oem3 (.text:SPICC26XXDMA_transferCancel)
                  00003e50    000000e8     uartecho.obj (.text:main)
                  00003f38    000000d4     driverlib.lib : rfc.obj (.text:NOROM_RFCRfTrimRead)
                  0000400c    000000d4     drivers_cc13xxware.aem3 : PowerCC26XX.oem3 (.text:Power_releaseDependency)
                  000040e0    000000d4                             : SPICC26XXDMA.oem3 (.text:SPICC26XXDMA_configDMA)
                  000041b4    000000d0                             : PowerCC26XX.oem3 (.text:Power_setDependency)
                  00004284    000000c4                             : SPICC26XXDMA.oem3 (.text:SPICC26XXDMA_transfer)
                  00004348    000000c4                             : RF.oem3 (.text:fsmPowerUpState)
                  0000440c    000000c2                             : I2CCC26XX.oem3 (.text:I2CCC26XX_transfer)
                  000044ce    00000002                             : SPICC26XXDMA.oem3 (.text:SPICC26XXDMA_serviceISR)
                  000044d0    000000bc     power_cc13xx_tirtos.aem3 : PowerCC26XX_tirtos.oem3 (.text:PowerCC26XX_standbyPolicy)
                  0000458c    000000bc     drivers_cc13xxware.aem3 : RF.oem3 (.text:RF_open)
                  00004648    000000bc                             : RF.oem3 (.text:RF_pendCmd)
                  00004704    000000ba     ext_flash.obj (.text:extFlashWrite)
                  000047be    00000002     bsp_spi.obj (.text:bspSpiFlush)
                  000047c0    000000b8     drivers_cc13xxware.aem3 : PINCC26XX.oem3 (.text:PINCC26XX_setIoCfg)
                  00004878    000000ac     ext_flash.obj (.text:extFlashErase)
                  00004924    000000ac     drivers_cc13xxware.aem3 : RF.oem3 (.text:swiFxnHw)
                  000049d0    000000a2                             : SPICC26XXDMA.oem3 (.text:SPICC26XXDMA_hwiFxn)
                  00004a72    00000002                             : PowerCC26XX.oem3 (.text:emptyClockFunc)
                  00004a74    000000a0     auto_init.aem3 : auto_init.oem3 (.text)
                  00004b14    000000a0     driverlib.lib : setup.obj (.text:trimDevice)
                  00004bb4    0000009c     drivers_cc13xxware.aem3 : RF.oem3 (.text:fsmPowerDownState)
                  00004c50    0000009c     rtsv7M3_T_le_eabi.lib : memcpy_t2.obj (.text)
                  00004cec    0000009a     rom_sysbios.aem3 : rom_sysbios.obj (.text:xdc_runtime_Text_putSite__E)
                  00004d86    00000002     smartrf_settings.obj (.text:enterSysPatchGenfsk)
                  00004d88    00000098     rom_sysbios.aem3 : rom_sysbios.obj (.text:ti_sysbios_knl_Clock_workFuncDynamic__E)
                  00004e20    00000094     drivers_cc13xxware.aem3 : PINCC26XX.oem3 (.text:PIN_open)
                  00004eb4    00000094     rom_sysbios.aem3 : rom_sysbios.obj (.text:xdc_runtime_Text_putMod__E)
                  00004f48    00000090     drivers_cc13xxware.aem3 : PowerCC26XX.oem3 (.text:switchXOSCHFclockFunc)
                  00004fd8    0000008c                             : I2CCC26XX.oem3 (.text:I2CCC26XX_primeTransfer)
                  00005064    0000008c                             : PowerCC26XX.oem3 (.text:disableLFClockQualifiers)
                  000050f0    00000088                             : PowerCC26XX_calibrateRCOSC.oem3 (.text:calibrateRcoscHf2)
                  00005178    0000007c                             : SPICC26XXDMA.oem3 (.text:SPICC26XXDMA_control)
                  000051f4    0000007a     rtsv7M3_T_le_eabi.lib : memset_t2.obj (.text)
                  0000526e    00000074     ext_flash.obj (.text:extFlashRead)
                  000052e2    00000002     rtsv7M3_T_le_eabi.lib : i_div0.obj (.text)
                  000052e4    00000070     driverlib.lib : chipinfo.obj (.text:ChipInfo_GetHwRevision)
                  00005354    00000070                   : setup.obj (.text:SetVddrLevel)
                  000053c4    00000070     bsp_spi.obj (.text:bspSpiOpen)
                  00005434    0000006d     rom_sysbios.aem3 : rom_sysbios.obj (.text:xdc_runtime_System_formatNum__I)
                  000054a1    00000001     --HOLE-- [fill = 0]
                  000054a2    00000002     uartecho_pem3.oem3 (.text:ti_sysbios_BIOS_nullFunc__I)
                  000054a4    0000006c     drivers_cc13xxware.aem3 : PINCC26XX.oem3 (.text:PIN_add)
                  00005510    0000006c                             : PowerCC26XX_calibrateRCOSC.oem3 (.text:PowerCC26XX_auxISR)
                  0000557c    0000006c                             : PowerCC26XX.oem3 (.text:PowerCC26XX_calibrate)
                  000055e8    0000006a     rtsv7M3_T_le_eabi.lib : copy_decompress_rle.obj (.text)
                  00005652    00000002     rom_sysbios.aem3 : rom_sysbios.obj (.text:ti_sysbios_knl_Clock_triggerFunc__I)
                  00005654    00000068     driverlib.lib : setup.obj (.text:GetTrimForAmpcompCtrl)
                  000056bc    00000068                   : setup.obj (.text:GetTrimForAnabypassValue1)
                  00005724    00000068     rtsv7M3_T_le_eabi.lib : trgmsg.obj (.text)
                  0000578c    00000064     drivers_cc13xxware.aem3 : I2CCC26XX.oem3 (.text:I2CCC26XX_close)
                  000057f0    00000064                             : I2CCC26XX.oem3 (.text:I2CCC26XX_initIO)
                  00005854    00000064     driverlib.lib : osc.obj (.text:OSCHF_AttemptToSwitchToXosc)
                  000058b8    00000064     drivers_cc13xxware.aem3 : RF.oem3 (.text:decActiveClientCnt)
                  0000591c    00000064     rom_sysbios.aem3 : rom_sysbios.obj (.text:ti_sysbios_family_arm_cc26xx_Timer_start__E)
                  00005980    00000060     driverlib.lib : osc.obj (.text:NOROM_OSCClockSourceSet)
                  000059e0    00000060     drivers_cc13xxware.aem3 : SPICC26XXDMA.oem3 (.text:SPICC26XXDMA_initHw)
                  00005a40    00000060     driverlib.lib : sys_ctrl.obj (.text:SysCtrl_DCDC_VoltageConditionalControl)
                  00005aa0    00000060     drivers_cc13xxware.aem3 : PowerCC26XX_calibrateRCOSC.oem3 (.text:updateSubSecInc)
                  00005b00    0000005c                             : PINCC26XX.oem3 (.text:PIN_remove)
                  00005b5c    0000005c                             : PowerCC26XX_calibrateRCOSC.oem3 (.text:PowerCC26XX_RCOSC_clockFunc)
                  00005bb8    0000005c                             : RF.oem3 (.text:RF_getCurrentTime)
                  00005c14    0000005c     driverlib.lib : sys_ctrl.obj (.text:SysCtrlAdjustRechargeAfterPowerDown)
                  00005c70    0000005c     drivers_cc13xxware.aem3 : UDMACC26XX.oem3 (.text:UDMACC26XX_open)
                  00005ccc    0000005c                             : RF.oem3 (.text:fsmPatchState)
                  00005d28    0000005c     uartecho_pem3.oem3 (.text:xdc_runtime_Startup_getState__I)
                  00005d84    0000005b     rom_sysbios.aem3 : rom_sysbios.obj (.text:xdc_runtime_Text_putLab__E)
                  00005ddf    00000001     --HOLE-- [fill = 0]
                  00005de0    0000005a     drivers_cc13xxware.aem3 : SPICC26XXDMA.oem3 (.text:SPICC26XXDMA_close)
                  00005e3a    00000058                             : I2CCC26XX.oem3 (.text:I2CCC26XX_swiFxn)
                  00005e92    00000002     uartecho_pem3.oem3 (.text:ti_sysbios_rom_cortexm_cc13xx_CC13xx_badRomRevision__E)
                  00005e94    00000058     drivers_cc13xxware.aem3 : PowerCC26XX_calibrateRCOSC.oem3 (.text:PowerCC26XX_initiateCalibration)
                  00005eec    00000058                             : RF.oem3 (.text:ratChanFree)
                  00005f44    00000054     bsp_spi.obj (.text:bspSpiClose)
                  00005f98    00000054     smartrf_settings.obj (.text:configurePatchGenfsk)
                  00005fec    00000054     drivers_cc13xxware.aem3 : PowerCC26XX.oem3 (.text:configureXOSCHF)
                  00006040    00000054                             : RF.oem3 (.text:dispatchOpWhen)
                  00006094    00000054                             : RF.oem3 (.text:hwiFxnHw)
                  000060e8    00000052                             : SPICC26XXDMA.oem3 (.text:SPICC26XXDMA_swiFxn)
                  0000613a    00000002     rom_sysbios.aem3 : rom_sysbios.obj (.text:xdc_runtime_SysCallback_defaultAbort)
                  0000613c    00000050     driverlib.lib : setup.obj (.text:SetupCacheModeAccordingToCcfgSetting)
                  0000618c    00000050     ext_flash.obj (.text:extFlashVerifyPart)
                  000061dc    00000050     drivers_cc13xxware.aem3 : RF.oem3 (.text:syncCb)
                  0000622c    0000004c     ext_flash.obj (.text:extFlashWaitReady)
                  00006278    0000004c     rtsv7M3_T_le_eabi.lib : cpy_tbl.obj (.text)
                  000062c4    0000004c                           : rand.obj (.text)
                  00006310    00000048     driverlib.lib : chipinfo.obj (.text:ChipInfo_GetChipFamily)
                  00006358    00000048     drivers_cc13xxware.aem3 : I2CCC26XX.oem3 (.text:I2CCC26XX_initHw)
                  000063a0    00000048                             : PINCC26XX.oem3 (.text:PIN_swi)
                  000063e8    00000048                             : RF.oem3 (.text:RF_runCmd)
                  00006430    00000048     ext_flash.obj (.text:extFlashPowerStandby)
                  00006478    00000048     drivers_cc13xxware.aem3 : RF.oem3 (.text:fsmXOSCState)
                  000064c0    00000048                             : PowerCC26XX.oem3 (.text:notify)
                  00006508    00000044     boot.aem3 : boot.oem3 (.text)
                  0000654c    00000044     rom_sysbios.aem3 : rom_sysbios.obj (.text:xdc_runtime_SysMin_flush__E)
                  00006590    00000044                      : rom_sysbios.obj (.text:xdc_runtime_Text_xprintf__I)
                  000065d4    00000040     rtsv7M3_T_le_eabi.lib : u_divt2.obj (.text)
                  00006614    0000003c     driverlib.lib : rfc.obj (.text:NOROM_RFCSynthPowerDown)
                  00006650    0000003c                   : osc.obj (.text:OSC_HPOSCRelativeFrequencyOffsetGet)
                  0000668c    0000003c     drivers_cc13xxware.aem3 : PINCC26XX.oem3 (.text:PINCC26XX_getConfig)
                  000066c8    0000003c                             : PINCC26XX.oem3 (.text:PIN_setOutputValue)
                  00006704    0000003c                             : SPICC26XXDMA.oem3 (.text:SPICC26XXDMA_csnCallback)
                  00006740    00000038                             : PINCC26XX.oem3 (.text:PIN_setInterrupt)
                  00006778    00000038     bsp_spi.obj (.text:bspSpiRead)
                  000067b0    00000038     bsp_spi.obj (.text:bspSpiWrite)
                  000067e8    00000038     rom_sysbios.aem3 : rom_sysbios.obj (.text:ti_sysbios_family_arm_cc26xx_Timer_getCurrentTick__E)
                  00006820    00000038                      : rom_sysbios.obj (.text:xdc_runtime_SysMin_putch__E)
                  00006858    00000036     drivers_cc13xxware.aem3 : RF.oem3 (.text:updateImplicitState)
                  0000688e    00000002     rom_sysbios.aem3 : rom_sysbios.obj (.text:xdc_runtime_SysCallback_defaultExit)
                  00006890    00000034     driverlib.lib : osc.obj (.text:OSCHF_SwitchToRcOscTurnOffXosc)
                  000068c4    00000034     drivers_cc13xxware.aem3 : PINCC26XX.oem3 (.text:PIN_setConfig)
                  000068f8    00000034     ext_flash.obj (.text:extFlashOpen)
                  0000692c    00000032     ext_flash.obj (.text:extFlashWaitPowerDown)
                  0000695e    00000032     rom_sysbios.aem3 : rom_sysbios.obj (.text:ti_sysbios_family_arm_cc26xx_Timer_setNextTick__E)
                  00006990    00000030     drivers_cc13xxware.aem3 : I2C.oem3 (.text:I2C_open)
                  000069c0    00000030                             : PowerCC26XX.oem3 (.text:Power_releaseConstraint)
                  000069f0    00000030                             : PowerCC26XX.oem3 (.text:Power_setConstraint)
                  00006a20    00000030                             : SPI.oem3 (.text:SPI_open)
                  00006a50    00000030     driverlib.lib : setup.obj (.text:SetAonRtcSubSecInc)
                  00006a80    00000030     ext_flash.obj (.text:extFlashWriteEnable)
                  00006ab0    00000030     uartecho_pem3.oem3 (.text:ti_sysbios_BIOS_atExitFunc__I)
                  00006ae0    00000030     rom_sysbios.aem3 : rom_sysbios.obj (.text:ti_sysbios_family_arm_cc26xx_Timer_initDevice__I)
                  00006b10    00000030                      : rom_sysbios.obj (.text:ti_sysbios_family_arm_cc26xx_Timer_setThreshold__I)
                  00006b40    00000030                      : rom_sysbios.obj (.text:xdc_runtime_SysMin_abort__E)
                  00006b70    0000002f                      : rom_sysbios.obj (.text:xdc_runtime_Text_printVisFxn__I)
                  00006b9f    00000001     --HOLE-- [fill = 0]
                  00006ba0    0000002e     ext_flash.obj (.text:extFlashPowerDown)
                  00006bce    00000002     --HOLE-- [fill = 0]
                  00006bd0    0000002c     driverlib.lib : osc.obj (.text:NOROM_OSCClockSourceGet)
                  00006bfc    0000002c     drivers_cc13xxware.aem3 : PINCC26XX.oem3 (.text:PINCC26XX_setMux)
                  00006c28    0000002c                             : RF.oem3 (.text:Q_push)
                  00006c54    0000002c     rom_sysbios.aem3 : rom_sysbios.obj (.text:ti_sysbios_knl_Clock_getTicksUntilInterrupt__E)
                  00006c80    0000002a     ext_flash.obj (.text:OADTarget_readFlash)
                  00006caa    0000002a     ext_flash.obj (.text:OADTarget_writeFlash)
                  00006cd4    0000002a     drivers_cc13xxware.aem3 : UDMACC26XX.oem3 (.text:UDMACC26XX_close)
                  00006cfe    0000002a     rom_sysbios.aem3 : rom_sysbios.obj (.text:xdc_runtime_System_putchar__I)
                  00006d28    00000028     driverlib.lib : aon_batmon.obj (.text:AONBatMonTemperatureGetDegC)
                  00006d50    00000028                   : setup.obj (.text:GetTrimForRadcExtCfg)
                  00006d78    00000028     drivers_cc13xxware.aem3 : PowerCC26XX.oem3 (.text:Power_registerNotify)
                  00006da0    00000028                             : SPICC26XXDMA.oem3 (.text:SPICC26XXDMA_flushFifos)
                  00006dc8    00000028     driverlib.lib : adi.obj (.text:SafeHapiVoid)
                  00006df0    00000028     ext_flash.obj (.text:extFlashClose)
                  00006e18    00000028     rom_sysbios.aem3 : rom_sysbios.obj (.text:ti_sysbios_family_arm_cc26xx_Timer_getMaxTicks__E)
                  00006e40    00000026     drivers_cc13xxware.aem3 : List.oem3 (.text:List_put)
                  00006e66    00000002     --HOLE-- [fill = 0]
                  00006e68    00000024                             : PowerCC26XX_calibrateRCOSC.oem3 (.text:getTdcSemaphore)
                  00006e8c    00000024                             : RF.oem3 (.text:hwiFxnCpe0PowerFsm)
                  00006eb0    00000024     uartecho_pem3.oem3 (.text:ti_sysbios_BIOS_registerRTSLock__I)
                  00006ed4    00000024     uartecho_pem3.oem3 (.text:ti_sysbios_BIOS_removeRTSLock__I)
                  00006ef8    00000024     uartecho_pem3.oem3 (.text:ti_sysbios_BIOS_startFunc__I)
                  00006f1c    00000024     rom_sysbios.aem3 : rom_sysbios.obj (.text:xdc_runtime_System_vprintf__E)
                  00006f40    00000022     uartecho_pem3.oem3 (.text:xdc_runtime_SysMin_output__I)
                  00006f62    00000002     --HOLE-- [fill = 0]
                  00006f64    00000020     driverlib.lib : setup.obj (.text:GetTrimForXoscHfCtl)
                  00006f84    00000020                   : rfc.obj (.text:NOROM_RFCDoorbellSendTo)
                  00006fa4    00000020     drivers_cc13xxware.aem3 : PowerCC26XX.oem3 (.text:Power_unregisterNotify)
                  00006fc4    00000020                             : RF.oem3 (.text:applyExtraAdi3VcoLdoVoltageModeOverrideCC13xx)
                  00006fe4    00000020     uartecho_pem3.oem3 (.text:ti_sysbios_BIOS_rtsLock__I)
                  00007004    00000020     rom_sysbios.aem3 : rom_sysbios.obj (.text:ti_sysbios_knl_Clock_stop__E)
                  00007024    00000020                      : rom_sysbios.obj (.text:xdc_runtime_Registry_findById__E)
                  00007044    00000020                      : rom_sysbios.obj (.text:xdc_runtime_SysMin_Module_startup__E)
                  00007064    0000001e     drivers_cc13xxware.aem3 : PINCC26XX.oem3 (.text:PIN_close)
                  00007082    0000001e                             : PowerCC26XX.oem3 (.text:Power_getTransitionLatency)
                  000070a0    0000001c     driverlib.lib : setup.obj (.text:GetTrimForAmpcompTh2)
                  000070bc    0000001c                   : setup.obj (.text:GetTrimForRcOscLfRtuneCtuneTrim)
                  000070d8    0000001c     drivers_cc13xxware.aem3 : PINCC26XX.oem3 (.text:PINCC26XX_setIoCfgMux)
                  000070f4    0000001c                             : PINCC26XX.oem3 (.text:PIN_hwi)
                  00007110    0000001c                             : PowerCC26XX.oem3 (.text:Power_idleFunc)
                  0000712c    0000001c                             : UDMACC26XX.oem3 (.text:UDMACC26XX_initHw)
                  00007148    0000001c                             : RF.oem3 (.text:clkPowerUpFxn)
                  00007164    0000001c     smartrf_settings.obj (.text:enterCpePatchGenfsk)
                  00007180    0000001c     rom_sysbios.aem3 : rom_sysbios.obj (.text:ti_sysbios_family_arm_cc26xx_Timer_dynamicStub__E)
                  0000719c    0000001c                      : rom_sysbios.obj (.text:xdc_runtime_SysMin_exit__E)
                  000071b8    0000001a     drivers_cc13xxware.aem3 : List.oem3 (.text:List_remove)
                  000071d2    0000001a     rom_sysbios.aem3 : rom_sysbios_config.obj (.text:xdc_runtime_System_printf__E)
                  000071ec    00000018     driverlib.lib : chipinfo.obj (.text:ChipInfo_GetPackageType)
                  00007204    00000018                   : setup.obj (.text:GetTrimForAdcShModeEn)
                  0000721c    00000018                   : setup.obj (.text:GetTrimForAdcShVbufEn)
                  00007234    00000018                   : setup.obj (.text:GetTrimForAmpcompTh1)
                  0000724c    00000018                   : setup.obj (.text:GetTrimForDblrLoopFilterResetVoltage)
                  00007264    00000018                   : setup.obj (.text:GetTrimForRcOscLfIBiasTrim)
                  0000727c    00000018                   : setup.obj (.text:GetTrimForXoscLfRegulatorAndCmirrwrRatio)
                  00007294    00000018                   : aon_rtc.obj (.text:NOROM_AONRTCCurrentCompareValueGet)
                  000072ac    00000018                   : rfc.obj (.text:NOROM_RFCCpeIntGetAndClear)
                  000072c4    00000018                   : osc.obj (.text:OSCHF_TurnOnXosc)
                  000072dc    00000018     drivers_cc13xxware.aem3 : PINCC26XX.oem3 (.text:PIN_getConfig)
                  000072f4    00000018                             : RF.oem3 (.text:Q_pop)
                  0000730c    00000018                             : PowerCC26XX.oem3 (.text:configureRFCoreClocks)
                  00007324    00000018     rtsv7M3_T_le_eabi.lib : args_main.obj (.text)
                  0000733c    00000018                           : ll_mul_t2.obj (.text)
                  00007354    00000018     drivers_cc13xxware.aem3 : RF.oem3 (.text:swiFxnFsm)
                  0000736c    00000018     uartecho_pem3.oem3 (.text:ti_sysbios_BIOS_rtsUnlock__I)
                  00007384    00000018     rom_sysbios.aem3 : rom_sysbios.obj (.text:ti_sysbios_knl_Swi_or__E)
                  0000739c    00000018     uartecho_pem3.oem3 (.text:ti_sysbios_rom_cortexm_cc13xx_CC13xx_checkRevision__E)
                  000073b4    00000016     ext_flash.obj (.text:OADTarget_eraseFlash)
                  000073ca    00000016     driverlib.lib : chipinfo.obj (.text:ThisCodeIsBuiltForCC13xxHwRev20AndLater_HaltIfViolated)
                  000073e0    00000016     rtsv7M3_T_le_eabi.lib : strcpy.obj (.text)
                  000073f6    00000016     uartecho_pem3.oem3 (.text:ti_sysbios_BIOS_exitFunc__I)
                  0000740c    00000016     uartecho.obj (.text:ti_sysbios_knl_Task_Params_init)
                  00007422    00000002     --HOLE-- [fill = 0]
                  00007424    00000014     driverlib.lib : aon_rtc.obj (.text:NOROM_AONRTCCurrent64BitValueGet)
                  00007438    00000014     drivers_cc13xxware.aem3 : PINCC26XX.oem3 (.text:PINCC26XX_getOutputValue)
                  0000744c    00000014                             : SPI.oem3 (.text:SPI_Params_init)
                  00007460    00000014     ext_flash.obj (.text:extFlashDeselect)
                  00007474    00000014     ext_flash.obj (.text:extFlashSelect)
                  00007488    00000014     rtsv7M3_T_le_eabi.lib : _lock.obj (.text)
                  0000749c    00000014                           : strlen.obj (.text)
                  000074b0    00000014     uartecho_pem3.oem3 (.text:ti_sysbios_knl_Clock_doTick__I)
                  000074c4    00000012     uartecho_pem3.oem3 (.text:xdc_runtime_Startup_exec__I)
                  000074d6    00000002     --HOLE-- [fill = 0]
                  000074d8    00000010     drivers_cc13xxware.aem3 : RF.oem3 (.text:FsmDispatch)
                  000074e8    00000010     driverlib.lib : setup.obj (.text:GetTrimForXoscHfFastStart)
                  000074f8    00000010                   : setup.obj (.text:GetTrimForXoscHfIbiastherm)
                  00007508    00000010     drivers_cc13xxware.aem3 : I2C.oem3 (.text:I2C_Params_init)
                  00007518    00000010     driverlib.lib : rfc.obj (.text:NOROM_RFCRfTrimSet)
                  00007528    00000010     drivers_cc13xxware.aem3 : RF.oem3 (.text:RF_Params_init)
                  00007538    00000010                             : I2CCC26XX.oem3 (.text:i2cPostNotify)
                  00007548    00000010     smartrf_settings.obj (.text:rf_patch_cpe_genfsk)
                  00007558    00000010     rom_sysbios.aem3 : rom_sysbios.obj (.text:ti_sysbios_family_arm_m3_Hwi_post__E)
                  00007568    00000010                      : rom_sysbios.obj (.text:xdc_runtime_SysMin_ready__E)
                  00007578    00000010                      : rom_sysbios.obj (.text:xdc_runtime_System_vsnprintf__E)
                  00007588    0000000e     driverlib.lib : vims.obj (.text:NOROM_VIMSModeGet)
                  00007596    0000000e     drivers_cc13xxware.aem3 : SPICC26XXDMA.oem3 (.text:SPICC26XXDMA_init)
                  000075a4    0000000e     driverlib.lib : setup.obj (.text:SignExtendVddrTrimValue)
                  000075b2    0000000e     rtsv7M3_T_le_eabi.lib : copy_decompress_none.obj (.text:decompress:none)
                  000075c0    0000000e     rom_sysbios.aem3 : rom_sysbios.obj (.text:ti_sysbios_family_arm_cc26xx_TimestampProvider_get32__E)
                  000075ce    00000002     --HOLE-- [fill = 0]
                  000075d0    0000000c     drivers_cc13xxware.aem3 : RF.oem3 (.text:FsmNextState)
                  000075dc    0000000c     driverlib.lib : cpu.obj (.text:NOROM_CPUcpsid)
                  000075e8    0000000c                   : cpu.obj (.text:NOROM_CPUcpsie)
                  000075f4    0000000c     drivers_cc13xxware.aem3 : PINCC26XX.oem3 (.text:PIN_registerIntCb)
                  00007600    0000000c                             : PowerCC26XX.oem3 (.text:Power_getConstraintMask)
                  0000760c    0000000c                             : PowerCC26XX.oem3 (.text:Power_getDependencyCount)
                  00007618    0000000c     rtsv7M3_T_le_eabi.lib : copy_zero_init.obj (.text:decompress:ZI)
                  00007624    0000000c     drivers_cc13xxware.aem3 : SPICC26XXDMA.oem3 (.text:spiPostNotify)
                  00007630    0000000c     rom_sysbios.aem3 : rom_sysbios.obj (.text:ti_sysbios_knl_Swi_getTrigger__E)
                  0000763c    0000000c     uartecho_pem3.oem3 (.text:xdc_runtime_Startup_reset__I)
                  00007648    0000000a     drivers_cc13xxware.aem3 : I2CCC26XX.oem3 (.text:I2CCC26XX_init)
                  00007652    0000000a                             : I2C.oem3 (.text:I2C_close)
                  0000765c    0000000a                             : I2C.oem3 (.text:I2C_transfer)
                  00007666    0000000a                             : List.oem3 (.text:List_empty)
                  00007670    0000000a                             : SPI.oem3 (.text:SPI_close)
                  0000767a    0000000a                             : SPI.oem3 (.text:SPI_transfer)
                  00007684    0000000a                             : UDMACC26XX.oem3 (.text:UDMACC26XX_hwiIntFxn)
                  0000768e    00000008                             : I2CCC26XX.oem3 (.text:I2CCC26XX_blockingCallback)
                  00007696    00000008                             : SPICC26XXDMA.oem3 (.text:SPICC26XXDMA_transferCallback)
                  0000769e    00000008     uartecho_pem3.oem3 (.text:xdc_runtime_Text_visitRope__I)
                  000076a6    00000006     drivers_cc13xxware.aem3 : I2CCC26XX.oem3 (.text:I2CCC26XX_control)
                  000076ac    00000006     driverlib.lib : cpu.obj (.text:NOROM_CPUdelay)
                  000076b2    00000006     rom_sysbios.aem3 : rom_sysbios.obj (.text:__xdc__init)
                  000076b8    00000006     drivers_cc13xxware.aem3 : RF.oem3 (.text:clkInactivityFxn)
                  000076be    00000006     rtsv7M3_T_le_eabi.lib : copy_decompress_rle.obj (.text:decompress:rle24)
                  000076c4    00000006     rom_sysbios.aem3 : rom_sysbios.obj (.text:ti_sysbios_family_arm_m3_Hwi_setFunc__E)
                  000076ca    00000004     tirtosport.aem3 : HwiP_tirtos.oem3 (.text:HwiP_disable)
                  000076ce    00000004     drivers_cc13xxware.aem3 : List.oem3 (.text:List_head)
                  000076d2    00000004                             : List.oem3 (.text:List_next)
                  000076d6    00000004                             : RF.oem3 (.text:Q_peek)
                  000076da    00000004                             : PowerCC26XX.oem3 (.text:nopResourceHandler)
                  000076de    00000004     rom_sysbios.aem3 : rom_sysbios.obj (.text:ti_sysbios_family_arm_cc26xx_Timer_getCount64__E)
                  000076e2    00000004                      : rom_sysbios.obj (.text:xdc_runtime_System_printf_va__F)
                  000076e6    00000002     --HOLE-- [fill = 0]
                  000076e8    00000008     (.tramp.xdc_runtime_Startup_startMods__I.1)
                  000076f0    00000008     (.tramp.ti_sysbios_knl_Clock_logTick__E.1)
                  000076f8    00000008     (.tramp.ti_sysbios_knl_Task_Params__init__S.1)
                  00007700    00000008     (.tramp.ti_sysbios_BIOS_RtsGateProxy_leave__E.1)
                  00007708    00000008     (.tramp.ti_sysbios_BIOS_RtsGateProxy_enter__E.1)
                  00007710    00000008     (.tramp.ti_sysbios_knl_Task_startup__E.1)
                  00007718    00000008     (.tramp.ti_sysbios_knl_Swi_startup__E.1)
                  00007720    00000008     (.tramp.ti_sysbios_hal_Hwi_HwiProxy_startup__E.1)
                  00007728    00000008     (.tramp.ti_sysbios_family_arm_cc26xx_Timer_startup__E.1)
                  00007730    00000008     (.tramp.xdc_runtime_System_atexit__E.1)
                  00007738    00000008     (.tramp.ti_sysbios_BIOS_setThreadType__E.1)
                  00007740    00000008     (.tramp.xdc_runtime_Gate_leaveSystem__E.1)
                  00007748    00000008     (.tramp.xdc_runtime_Gate_enterSystem__E.1)
                  00007750    00000008     (.tramp.xdc_runtime_System_exit__E.1)
                  00007758    00000008     (.tramp.ti_sysbios_BIOS_getCpuFreq__E.1)
                  00007760    00000008     (.tramp.ti_sysbios_knl_Semaphore_destruct.1)
                  00007768    00000008     (.tramp.ti_sysbios_knl_Swi_destruct.1)
                  00007770    00000008     (.tramp.ti_sysbios_family_arm_m3_Hwi_destruct.1)
                  00007778    00000008     (.tramp.ti_sysbios_knl_Task_exit__E.1)
                  00007780    00000008     (.tramp.ti_sysbios_knl_Clock_scheduleNextTick__E.1)
                  00007788    00000008     (.tramp.ti_sysbios_knl_Clock_walkQueueDynamic__E.1)
                  00007790    00000008     (.tramp.ti_sysbios_knl_Clock_TimerProxy_getCurrentTick__E.1)
                  00007798    00000008     (.tramp.ti_sysbios_knl_Semaphore_post__E.1)
                  000077a0    00000008     (.tramp.ti_sysbios_family_arm_m3_Hwi_disableInterrupt__E.1)
                  000077a8    00000008     (.tramp.ti_sysbios_family_arm_m3_Hwi_enableInterrupt__E.1)
                  000077b0    00000008     (.tramp.ti_sysbios_knl_Semaphore_pend__E.1)
                  000077b8    00000008     (.tramp.ti_sysbios_BIOS_start__E.1)
                  000077c0    00000008     (.tramp.ti_sysbios_knl_Task_construct.1)
                  000077c8    00000008     (.tramp.ti_sysbios_knl_Swi_post__E.1)
                  000077d0    00000008     (.tramp.ti_sysbios_knl_Clock_construct.1)
                  000077d8    00000008     (.tramp.ti_sysbios_knl_Clock_Params__init__S.1)
                  000077e0    00000008     (.tramp.ti_sysbios_knl_Swi_construct.1)
                  000077e8    00000008     (.tramp.ti_sysbios_knl_Swi_Params__init__S.1)
                  000077f0    00000008     (.tramp.ti_sysbios_family_arm_m3_Hwi_construct.1)
                  000077f8    00000008     (.tramp.ti_sysbios_family_arm_m3_Hwi_Params__init__S.1)
                  00007800    00000008     (.tramp.ti_sysbios_knl_Semaphore_construct.1)
                  00007808    00000008     (.tramp.ti_sysbios_knl_Semaphore_Params__init__S.1)
                  00007810    00000008     (.tramp.ti_sysbios_knl_Task_restore__E.1)
                  00007818    00000008     (.tramp.ti_sysbios_knl_Swi_restore__E.1)
                  00007820    00000008     (.tramp.ti_sysbios_knl_Swi_disable__E.1)
                  00007828    00000008     (.tramp.ti_sysbios_knl_Task_disable__E.1)
                  00007830    00000008     (.tramp.ti_sysbios_knl_Clock_start__E.1)
                  00007838    00000008     (.tramp.ti_sysbios_knl_Clock_setTimeout__E.1)
                  00007840    00000008     (.tramp.ti_sysbios_family_arm_m3_Hwi_restoreFxn__E.1)
                  00007848    00000008     (.tramp.ti_sysbios_family_arm_m3_Hwi_disableFxn__E.1)
                  00007850    00000008     (.tramp.ti_sysbios_knl_Task_sleep__E.1)
                  00007858    00000008     (.tramp.xdc_runtime_System_abort__E.1)

.init_array 
*          0    00000000    00000000     UNINITIALIZED

.resetVecs 
*          0    00000000    0000003c     
                  00000000    0000003c     uartecho_pem3.oem3 (.resetVecs)

.const:ti_sysbios_knl_Task_Object__PARAMS__C 
*          0    00001000    0000003c     
                  00001000    0000003c     uartecho_pem3.oem3 (.const:ti_sysbios_knl_Task_Object__PARAMS__C)

.const:ti_sysbios_knl_Mailbox_Object__PARAMS__C 
*          0    0000103c    00000034     
                  0000103c    00000034     uartecho_pem3.oem3 (.const:ti_sysbios_knl_Mailbox_Object__PARAMS__C)

.const:ti_sysbios_family_arm_m3_Hwi_Object__PARAMS__C 
*          0    00001070    00000030     
                  00001070    00000030     uartecho_pem3.oem3 (.const:ti_sysbios_family_arm_m3_Hwi_Object__PARAMS__C)

.const:ti_sysbios_hal_Hwi_Object__PARAMS__C 
*          0    000010a0    0000002c     
                  000010a0    0000002c     uartecho_pem3.oem3 (.const:ti_sysbios_hal_Hwi_Object__PARAMS__C)

.const:ti_sysbios_heaps_HeapMem_Module__FXNS__C 
*          0    000010cc    00000028     
                  000010cc    00000028     uartecho_pem3.oem3 (.const:ti_sysbios_heaps_HeapMem_Module__FXNS__C)

.const:ti_sysbios_knl_Swi_Object__PARAMS__C 
*          0    000010f4    00000028     
                  000010f4    00000028     uartecho_pem3.oem3 (.const:ti_sysbios_knl_Swi_Object__PARAMS__C)

.const:ti_sysbios_gates_GateHwi_Module__FXNS__C 
*          0    0000111c    00000024     
                  0000111c    00000024     uartecho_pem3.oem3 (.const:ti_sysbios_gates_GateHwi_Module__FXNS__C)

.const:ti_sysbios_gates_GateMutex_Module__FXNS__C 
*          0    00001140    00000024     
                  00001140    00000024     uartecho_pem3.oem3 (.const:ti_sysbios_gates_GateMutex_Module__FXNS__C)

.const:ti_sysbios_heaps_HeapMem_Object__PARAMS__C 
*          0    00001164    00000024     
                  00001164    00000024     uartecho_pem3.oem3 (.const:ti_sysbios_heaps_HeapMem_Object__PARAMS__C)

.const:ti_sysbios_knl_Clock_Object__PARAMS__C 
*          0    00001188    00000024     
                  00001188    00000024     uartecho_pem3.oem3 (.const:ti_sysbios_knl_Clock_Object__PARAMS__C)

.const:ti_sysbios_knl_Semaphore_Object__PARAMS__C 
*          0    000011ac    00000024     
                  000011ac    00000024     uartecho_pem3.oem3 (.const:ti_sysbios_knl_Semaphore_Object__PARAMS__C)

.const:ti_sysbios_family_arm_m3_Hwi_Object__DESC__C 
*          0    000011d0    00000020     
                  000011d0    00000020     uartecho_pem3.oem3 (.const:ti_sysbios_family_arm_m3_Hwi_Object__DESC__C)

.const:ti_sysbios_gates_GateHwi_Object__DESC__C 
*          0    000011f0    00000020     
                  000011f0    00000020     uartecho_pem3.oem3 (.const:ti_sysbios_gates_GateHwi_Object__DESC__C)

.const:ti_sysbios_gates_GateMutex_Object__DESC__C 
*          0    00001210    00000020     
                  00001210    00000020     uartecho_pem3.oem3 (.const:ti_sysbios_gates_GateMutex_Object__DESC__C)

.const:ti_sysbios_hal_Hwi_Object__DESC__C 
*          0    00001230    00000020     
                  00001230    00000020     uartecho_pem3.oem3 (.const:ti_sysbios_hal_Hwi_Object__DESC__C)

.const:ti_sysbios_heaps_HeapMem_Object__DESC__C 
*          0    00001250    00000020     
                  00001250    00000020     uartecho_pem3.oem3 (.const:ti_sysbios_heaps_HeapMem_Object__DESC__C)

.const:ti_sysbios_knl_Clock_Object__DESC__C 
*          0    00001270    00000020     
                  00001270    00000020     uartecho_pem3.oem3 (.const:ti_sysbios_knl_Clock_Object__DESC__C)

.const:ti_sysbios_knl_Mailbox_Object__DESC__C 
*          0    00001290    00000020     
                  00001290    00000020     uartecho_pem3.oem3 (.const:ti_sysbios_knl_Mailbox_Object__DESC__C)

.const:ti_sysbios_knl_Queue_Object__DESC__C 
*          0    000012b0    00000020     
                  000012b0    00000020     uartecho_pem3.oem3 (.const:ti_sysbios_knl_Queue_Object__DESC__C)

.const:ti_sysbios_knl_Semaphore_Object__DESC__C 
*          0    000012d0    00000020     
                  000012d0    00000020     uartecho_pem3.oem3 (.const:ti_sysbios_knl_Semaphore_Object__DESC__C)

.const:ti_sysbios_knl_Swi_Object__DESC__C 
*          0    000012f0    00000020     
                  000012f0    00000020     uartecho_pem3.oem3 (.const:ti_sysbios_knl_Swi_Object__DESC__C)

.const:ti_sysbios_knl_Task_Object__DESC__C 
*          0    00001310    00000020     
                  00001310    00000020     uartecho_pem3.oem3 (.const:ti_sysbios_knl_Task_Object__DESC__C)

.const:ti_sysbios_gates_GateHwi_Object__PARAMS__C 
*          0    00001330    00000018     
                  00001330    00000018     uartecho_pem3.oem3 (.const:ti_sysbios_gates_GateHwi_Object__PARAMS__C)

.const:ti_sysbios_gates_GateMutex_Object__PARAMS__C 
*          0    00001348    00000018     
                  00001348    00000018     uartecho_pem3.oem3 (.const:ti_sysbios_gates_GateMutex_Object__PARAMS__C)

.const:ti_sysbios_knl_Queue_Object__PARAMS__C 
*          0    00001360    00000018     
                  00001360    00000018     uartecho_pem3.oem3 (.const:ti_sysbios_knl_Queue_Object__PARAMS__C)

.const:ti_sysbios_knl_Idle_funcList__C 
*          0    00001378    00000008     
                  00001378    00000008     uartecho_pem3.oem3 (.const:ti_sysbios_knl_Idle_funcList__C)

.const:ti_sysbios_family_arm_cc26xx_Timer_startupNeeded__C 
*          0    00001384    00000004     
                  00001384    00000004     uartecho_pem3.oem3 (.const:ti_sysbios_family_arm_cc26xx_Timer_startupNeeded__C)

.const:ti_sysbios_family_arm_m3_Hwi_E_alreadyDefined__C 
*          0    00001388    00000004     
                  00001388    00000004     uartecho_pem3.oem3 (.const:ti_sysbios_family_arm_m3_Hwi_E_alreadyDefined__C)

.const:ti_sysbios_family_arm_m3_Hwi_E_hwiLimitExceeded__C 
*          0    0000138c    00000004     
                  0000138c    00000004     uartecho_pem3.oem3 (.const:ti_sysbios_family_arm_m3_Hwi_E_hwiLimitExceeded__C)

.const:ti_sysbios_family_arm_m3_Hwi_NUM_INTERRUPTS__C 
*          0    00001390    00000004     
                  00001390    00000004     uartecho_pem3.oem3 (.const:ti_sysbios_family_arm_m3_Hwi_NUM_INTERRUPTS__C)

.const:ti_sysbios_family_arm_m3_Hwi_Object__count__C 
*          0    00001394    00000004     
                  00001394    00000004     uartecho_pem3.oem3 (.const:ti_sysbios_family_arm_m3_Hwi_Object__count__C)

.const:ti_sysbios_family_arm_m3_Hwi_Object__table__C 
*          0    00001398    00000004     
                  00001398    00000004     uartecho_pem3.oem3 (.const:ti_sysbios_family_arm_m3_Hwi_Object__table__C)

.const:ti_sysbios_family_arm_m3_Hwi_ccr__C 
*          0    0000139c    00000004     
                  0000139c    00000004     uartecho_pem3.oem3 (.const:ti_sysbios_family_arm_m3_Hwi_ccr__C)

.const:ti_sysbios_family_arm_m3_Hwi_excHandlerFunc__C 
*          0    000013a0    00000004     
                  000013a0    00000004     uartecho_pem3.oem3 (.const:ti_sysbios_family_arm_m3_Hwi_excHandlerFunc__C)

.const:ti_sysbios_family_arm_m3_Hwi_nullIsrFunc__C 
*          0    000013a4    00000004     
                  000013a4    00000004     uartecho_pem3.oem3 (.const:ti_sysbios_family_arm_m3_Hwi_nullIsrFunc__C)

.const:ti_sysbios_family_arm_m3_Hwi_numSparseInterrupts__C 
*          0    000013a8    00000004     
                  000013a8    00000004     uartecho_pem3.oem3 (.const:ti_sysbios_family_arm_m3_Hwi_numSparseInterrupts__C)

.const:ti_sysbios_family_arm_m3_Hwi_priGroup__C 
*          0    000013ac    00000004     
                  000013ac    00000004     uartecho_pem3.oem3 (.const:ti_sysbios_family_arm_m3_Hwi_priGroup__C)

.const:ti_sysbios_family_arm_m3_TaskSupport_stackAlignment__C 
*          0    000013b0    00000004     
                  000013b0    00000004     uartecho_pem3.oem3 (.const:ti_sysbios_family_arm_m3_TaskSupport_stackAlignment__C)

.const:ti_sysbios_heaps_HeapMem_E_memory__C 
*          0    000013b4    00000004     
                  000013b4    00000004     uartecho_pem3.oem3 (.const:ti_sysbios_heaps_HeapMem_E_memory__C)

.const:ti_sysbios_heaps_HeapMem_Module__gateObj__C 
*          0    000013b8    00000004     
                  000013b8    00000004     uartecho_pem3.oem3 (.const:ti_sysbios_heaps_HeapMem_Module__gateObj__C)

.const:ti_sysbios_heaps_HeapMem_Object__count__C 
*          0    000013bc    00000004     
                  000013bc    00000004     uartecho_pem3.oem3 (.const:ti_sysbios_heaps_HeapMem_Object__count__C)

.const:ti_sysbios_heaps_HeapMem_Object__table__C 
*          0    000013c0    00000004     
                  000013c0    00000004     uartecho_pem3.oem3 (.const:ti_sysbios_heaps_HeapMem_Object__table__C)

.const:ti_sysbios_heaps_HeapMem_reqAlign__C 
*          0    000013c4    00000004     
                  000013c4    00000004     uartecho_pem3.oem3 (.const:ti_sysbios_heaps_HeapMem_reqAlign__C)

.const:ti_sysbios_knl_Clock_serviceMargin__C 
*          0    000013c8    00000004     
                  000013c8    00000004     uartecho_pem3.oem3 (.const:ti_sysbios_knl_Clock_serviceMargin__C)

.const:ti_sysbios_knl_Mailbox_Object__count__C 
*          0    000013cc    00000004     
                  000013cc    00000004     uartecho_pem3.oem3 (.const:ti_sysbios_knl_Mailbox_Object__count__C)

.const:ti_sysbios_knl_Mailbox_Object__table__C 
*          0    000013d0    00000004     
                  000013d0    00000004     uartecho_pem3.oem3 (.const:ti_sysbios_knl_Mailbox_Object__table__C)

.const:ti_sysbios_knl_Mailbox_maxTypeAlign__C 
*          0    000013d4    00000004     
                  000013d4    00000004     uartecho_pem3.oem3 (.const:ti_sysbios_knl_Mailbox_maxTypeAlign__C)

.const:ti_sysbios_knl_Queue_Object__count__C 
*          0    000013d8    00000004     
                  000013d8    00000004     uartecho_pem3.oem3 (.const:ti_sysbios_knl_Queue_Object__count__C)

.const:ti_sysbios_knl_Queue_Object__table__C 
*          0    000013dc    00000004     
                  000013dc    00000004     uartecho_pem3.oem3 (.const:ti_sysbios_knl_Queue_Object__table__C)

.const:ti_sysbios_knl_Swi_Object__count__C 
*          0    000013e0    00000004     
                  000013e0    00000004     uartecho_pem3.oem3 (.const:ti_sysbios_knl_Swi_Object__count__C)

.const:ti_sysbios_knl_Swi_Object__table__C 
*          0    000013e4    00000004     
                  000013e4    00000004     uartecho_pem3.oem3 (.const:ti_sysbios_knl_Swi_Object__table__C)

.const:ti_sysbios_knl_Swi_numPriorities__C 
*          0    000013e8    00000004     
                  000013e8    00000004     uartecho_pem3.oem3 (.const:ti_sysbios_knl_Swi_numPriorities__C)

.const:ti_sysbios_knl_Task_Object__count__C 
*          0    000013ec    00000004     
                  000013ec    00000004     uartecho_pem3.oem3 (.const:ti_sysbios_knl_Task_Object__count__C)

.const:ti_sysbios_knl_Task_Object__table__C 
*          0    000013f0    00000004     
                  000013f0    00000004     uartecho_pem3.oem3 (.const:ti_sysbios_knl_Task_Object__table__C)

.const:ti_sysbios_knl_Task_allBlockedFunc__C 
*          0    000013f4    00000004     
                  000013f4    00000004     uartecho_pem3.oem3 (.const:ti_sysbios_knl_Task_allBlockedFunc__C)

.const:ti_sysbios_knl_Task_defaultStackHeap__C 
*          0    000013f8    00000004     
                  000013f8    00000004     uartecho_pem3.oem3 (.const:ti_sysbios_knl_Task_defaultStackHeap__C)

.const:ti_sysbios_knl_Task_defaultStackSize__C 
*          0    000013fc    00000004     
                  000013fc    00000004     uartecho_pem3.oem3 (.const:ti_sysbios_knl_Task_defaultStackSize__C)

.const:ti_sysbios_knl_Task_numConstructedTasks__C 
*          0    00001400    00000004     
                  00001400    00000004     uartecho_pem3.oem3 (.const:ti_sysbios_knl_Task_numConstructedTasks__C)

.const:ti_sysbios_family_arm_cc26xx_Timer_Module__id__C 
*          0    00001406    00000002     
                  00001406    00000002     uartecho_pem3.oem3 (.const:ti_sysbios_family_arm_cc26xx_Timer_Module__id__C)

.const:ti_sysbios_family_arm_cc26xx_TimestampProvider_useClockTimer__C 
*          0    00001408    00000002     
                  00001408    00000002     uartecho_pem3.oem3 (.const:ti_sysbios_family_arm_cc26xx_TimestampProvider_useClockTimer__C)

.const:ti_sysbios_family_arm_m3_Hwi_Module__id__C 
*          0    0000140a    00000002     
                  0000140a    00000002     uartecho_pem3.oem3 (.const:ti_sysbios_family_arm_m3_Hwi_Module__id__C)

.const:ti_sysbios_gates_GateHwi_Module__id__C 
*          0    0000140c    00000002     
                  0000140c    00000002     uartecho_pem3.oem3 (.const:ti_sysbios_gates_GateHwi_Module__id__C)

.const:ti_sysbios_gates_GateMutex_Module__id__C 
*          0    0000140e    00000002     
                  0000140e    00000002     uartecho_pem3.oem3 (.const:ti_sysbios_gates_GateMutex_Module__id__C)

.const:ti_sysbios_heaps_HeapMem_Module__id__C 
*          0    00001410    00000002     
                  00001410    00000002     uartecho_pem3.oem3 (.const:ti_sysbios_heaps_HeapMem_Module__id__C)

.const:ti_sysbios_knl_Task_initStackFlag__C 
*          0    00001412    00000002     
                  00001412    00000002     uartecho_pem3.oem3 (.const:ti_sysbios_knl_Task_initStackFlag__C)

.const:ti_sysbios_knl_Clock_tickMode__C 
*          0    00001414    00000001     
                  00001414    00000001     uartecho_pem3.oem3 (.const:ti_sysbios_knl_Clock_tickMode__C)

.const:xdc_runtime_Startup_firstFxns__C 
*          0    00001418    00000008     
                  00001418    00000008     uartecho_pem3.oem3 (.const:xdc_runtime_Startup_firstFxns__C)

.const:xdc_runtime_Startup_lastFxns__C 
*          0    00001420    00000008     
                  00001420    00000008     uartecho_pem3.oem3 (.const:xdc_runtime_Startup_lastFxns__C)

.const:xdc_runtime_Assert_E_assertFailed__C 
*          0    00001428    00000004     
                  00001428    00000004     uartecho_pem3.oem3 (.const:xdc_runtime_Assert_E_assertFailed__C)

.const:xdc_runtime_Error_E_memory__C 
*          0    0000142c    00000004     
                  0000142c    00000004     uartecho_pem3.oem3 (.const:xdc_runtime_Error_E_memory__C)

.const:xdc_runtime_Error_policyFxn__C 
*          0    00001430    00000004     
                  00001430    00000004     uartecho_pem3.oem3 (.const:xdc_runtime_Error_policyFxn__C)

.const:xdc_runtime_IGateProvider_Interface__BASE__C 
*          0    00001434    00000004     
                  00001434    00000004     uartecho_pem3.oem3 (.const:xdc_runtime_IGateProvider_Interface__BASE__C)

.const:xdc_runtime_IHeap_Interface__BASE__C 
*          0    00001438    00000004     
                  00001438    00000004     uartecho_pem3.oem3 (.const:xdc_runtime_IHeap_Interface__BASE__C)

.const:xdc_runtime_IModule_Interface__BASE__C 
*          0    0000143c    00000004     
                  0000143c    00000004     uartecho_pem3.oem3 (.const:xdc_runtime_IModule_Interface__BASE__C)

.const:xdc_runtime_Main_Module__diagsEnabled__C 
*          0    00001440    00000004     
                  00001440    00000004     uartecho_pem3.oem3 (.const:xdc_runtime_Main_Module__diagsEnabled__C)

.const:xdc_runtime_Main_Module__diagsIncluded__C 
*          0    00001444    00000004     
                  00001444    00000004     uartecho_pem3.oem3 (.const:xdc_runtime_Main_Module__diagsIncluded__C)

.const:xdc_runtime_Main_Module__diagsMask__C 
*          0    00001448    00000004     
                  00001448    00000004     uartecho_pem3.oem3 (.const:xdc_runtime_Main_Module__diagsMask__C)

.const:xdc_runtime_Memory_defaultHeapInstance__C 
*          0    0000144c    00000004     
                  0000144c    00000004     uartecho_pem3.oem3 (.const:xdc_runtime_Memory_defaultHeapInstance__C)

.const:xdc_runtime_Startup_execImpl__C 
*          0    00001450    00000004     
                  00001450    00000004     uartecho_pem3.oem3 (.const:xdc_runtime_Startup_execImpl__C)

.const:xdc_runtime_Startup_maxPasses__C 
*          0    00001454    00000004     
                  00001454    00000004     uartecho_pem3.oem3 (.const:xdc_runtime_Startup_maxPasses__C)

.const:xdc_runtime_Startup_sfxnRts__C 
*          0    00001458    00000004     
                  00001458    00000004     uartecho_pem3.oem3 (.const:xdc_runtime_Startup_sfxnRts__C)

.const:xdc_runtime_Startup_sfxnTab__C 
*          0    0000145c    00000004     
                  0000145c    00000004     uartecho_pem3.oem3 (.const:xdc_runtime_Startup_sfxnTab__C)

.const:xdc_runtime_Startup_startModsFxn__C 
*          0    00001460    00000004     
                  00001460    00000004     uartecho_pem3.oem3 (.const:xdc_runtime_Startup_startModsFxn__C)

.const:xdc_runtime_SysCallback_abortFxn__C 
*          0    00001464    00000004     
                  00001464    00000004     uartecho_pem3.oem3 (.const:xdc_runtime_SysCallback_abortFxn__C)

.const:xdc_runtime_SysCallback_exitFxn__C 
*          0    00001468    00000004     
                  00001468    00000004     uartecho_pem3.oem3 (.const:xdc_runtime_SysCallback_exitFxn__C)

.const:xdc_runtime_System_abortFxn__C 
*          0    0000146c    00000004     
                  0000146c    00000004     uartecho_pem3.oem3 (.const:xdc_runtime_System_abortFxn__C)

.const:xdc_runtime_System_exitFxn__C 
*          0    00001470    00000004     
                  00001470    00000004     uartecho_pem3.oem3 (.const:xdc_runtime_System_exitFxn__C)

.const:xdc_runtime_System_maxAtexitHandlers__C 
*          0    00001474    00000004     
                  00001474    00000004     uartecho_pem3.oem3 (.const:xdc_runtime_System_maxAtexitHandlers__C)

.const:xdc_runtime_Text_charTab__C 
*          0    00001478    00000004     
                  00001478    00000004     uartecho_pem3.oem3 (.const:xdc_runtime_Text_charTab__C)

.const:xdc_runtime_Text_nameEmpty__C 
*          0    0000147c    00000004     
                  0000147c    00000004     uartecho_pem3.oem3 (.const:xdc_runtime_Text_nameEmpty__C)

.const:xdc_runtime_Text_nameStatic__C 
*          0    00001480    00000004     
                  00001480    00000004     uartecho_pem3.oem3 (.const:xdc_runtime_Text_nameStatic__C)

.const:xdc_runtime_Text_nameUnknown__C 
*          0    00001484    00000004     
                  00001484    00000004     uartecho_pem3.oem3 (.const:xdc_runtime_Text_nameUnknown__C)

.const:xdc_runtime_Main_Module__id__C 
*          0    00001488    00000002     
                  00001488    00000002     uartecho_pem3.oem3 (.const:xdc_runtime_Main_Module__id__C)

.const:xdc_runtime_Memory_Module__id__C 
*          0    0000148a    00000002     
                  0000148a    00000002     uartecho_pem3.oem3 (.const:xdc_runtime_Memory_Module__id__C)

.const:xdc_runtime_Text_charCnt__C 
*          0    0000148c    00000002     
                  0000148c    00000002     uartecho_pem3.oem3 (.const:xdc_runtime_Text_charCnt__C)

.const:xdc_runtime_Text_isLoaded__C 
*          0    0000148e    00000002     
                  0000148e    00000002     uartecho_pem3.oem3 (.const:xdc_runtime_Text_isLoaded__C)

.const:xdc_runtime_Error_policy__C 
*          0    00001490    00000001     
                  00001490    00000001     uartecho_pem3.oem3 (.const:xdc_runtime_Error_policy__C)

.const:ti_sysbios_rom_ROM_AONRTCChannelEnable 
*          0    00001494    00000004     
                  00001494    00000004     uartecho_pem3.oem3 (.const:ti_sysbios_rom_ROM_AONRTCChannelEnable)

.const:ti_sysbios_rom_ROM_AONRTCCompareValueSet 
*          0    00001498    00000004     
                  00001498    00000004     uartecho_pem3.oem3 (.const:ti_sysbios_rom_ROM_AONRTCCompareValueSet)

.const:ti_sysbios_rom_ROM_AONRTCCurrentCompareValueGet 
*          0    0000149c    00000004     
                  0000149c    00000004     uartecho_pem3.oem3 (.const:ti_sysbios_rom_ROM_AONRTCCurrentCompareValueGet)

.const:ti_sysbios_rom_ROM_AONRTCEventClear 
*          0    000014a0    00000004     
                  000014a0    00000004     uartecho_pem3.oem3 (.const:ti_sysbios_rom_ROM_AONRTCEventClear)

.const:ti_sysbios_rom_ROM_ti_sysbios_family_arm_cc26xx_Timer_getCount64__E 
*          0    000014a4    00000004     
                  000014a4    00000004     uartecho_pem3.oem3 (.const:ti_sysbios_rom_ROM_ti_sysbios_family_arm_cc26xx_Timer_getCount64__E)

.const:ti_sysbios_rom_ROM_ti_sysbios_family_arm_cc26xx_Timer_getCurrentTick__E 
*          0    000014a8    00000004     
                  000014a8    00000004     uartecho_pem3.oem3 (.const:ti_sysbios_rom_ROM_ti_sysbios_family_arm_cc26xx_Timer_getCurrentTick__E)

.const:ti_sysbios_rom_ROM_ti_sysbios_family_arm_cc26xx_Timer_getMaxTicks__E 
*          0    000014ac    00000004     
                  000014ac    00000004     uartecho_pem3.oem3 (.const:ti_sysbios_rom_ROM_ti_sysbios_family_arm_cc26xx_Timer_getMaxTicks__E)

.const:ti_sysbios_rom_ROM_ti_sysbios_family_arm_cc26xx_Timer_initDevice__I 
*          0    000014b0    00000004     
                  000014b0    00000004     uartecho_pem3.oem3 (.const:ti_sysbios_rom_ROM_ti_sysbios_family_arm_cc26xx_Timer_initDevice__I)

.const:ti_sysbios_rom_ROM_ti_sysbios_family_arm_cc26xx_Timer_setNextTick__E 
*          0    000014b4    00000004     
                  000014b4    00000004     uartecho_pem3.oem3 (.const:ti_sysbios_rom_ROM_ti_sysbios_family_arm_cc26xx_Timer_setNextTick__E)

.const:ti_sysbios_rom_ROM_ti_sysbios_family_arm_cc26xx_Timer_setThreshold__I 
*          0    000014b8    00000004     
                  000014b8    00000004     uartecho_pem3.oem3 (.const:ti_sysbios_rom_ROM_ti_sysbios_family_arm_cc26xx_Timer_setThreshold__I)

.const:ti_sysbios_rom_ROM_ti_sysbios_family_arm_cc26xx_Timer_start__E 
*          0    000014bc    00000004     
                  000014bc    00000004     uartecho_pem3.oem3 (.const:ti_sysbios_rom_ROM_ti_sysbios_family_arm_cc26xx_Timer_start__E)

.const:ti_sysbios_rom_ROM_ti_sysbios_family_arm_cc26xx_TimestampProvider_get32__E 
*          0    000014c0    00000004     
                  000014c0    00000004     uartecho_pem3.oem3 (.const:ti_sysbios_rom_ROM_ti_sysbios_family_arm_cc26xx_TimestampProvider_get32__E)

.const:ti_sysbios_rom_ROM_xdc_runtime_Startup_getState__I 
*          0    000014c4    00000004     
                  000014c4    00000004     uartecho_pem3.oem3 (.const:ti_sysbios_rom_ROM_xdc_runtime_Startup_getState__I)

.const:ti_sysbios_rom_ROM_xdc_runtime_System_SupportProxy_abort__E 
*          0    000014c8    00000004     
                  000014c8    00000004     uartecho_pem3.oem3 (.const:ti_sysbios_rom_ROM_xdc_runtime_System_SupportProxy_abort__E)

.const:ti_sysbios_rom_ROM_xdc_runtime_System_SupportProxy_exit__E 
*          0    000014cc    00000004     
                  000014cc    00000004     uartecho_pem3.oem3 (.const:ti_sysbios_rom_ROM_xdc_runtime_System_SupportProxy_exit__E)

.const:ti_sysbios_gates_GateMutex_Instance_State_sem__O 
*          0    000014d0    00000004     
                  000014d0    00000004     uartecho_pem3.oem3 (.const:ti_sysbios_gates_GateMutex_Instance_State_sem__O)

.const:ti_sysbios_knl_Clock_Module_State_clockQ__O 
*          0    000014d4    00000004     
                  000014d4    00000004     uartecho_pem3.oem3 (.const:ti_sysbios_knl_Clock_Module_State_clockQ__O)

.const:ti_sysbios_knl_Mailbox_Instance_State_dataQue__O 
*          0    000014d8    00000004     
                  000014d8    00000004     uartecho_pem3.oem3 (.const:ti_sysbios_knl_Mailbox_Instance_State_dataQue__O)

.const:ti_sysbios_knl_Mailbox_Instance_State_dataSem__O 
*          0    000014dc    00000004     
                  000014dc    00000004     uartecho_pem3.oem3 (.const:ti_sysbios_knl_Mailbox_Instance_State_dataSem__O)

.const:ti_sysbios_knl_Mailbox_Instance_State_freeQue__O 
*          0    000014e0    00000004     
                  000014e0    00000004     uartecho_pem3.oem3 (.const:ti_sysbios_knl_Mailbox_Instance_State_freeQue__O)

.const:ti_sysbios_knl_Mailbox_Instance_State_freeSem__O 
*          0    000014e4    00000004     
                  000014e4    00000004     uartecho_pem3.oem3 (.const:ti_sysbios_knl_Mailbox_Instance_State_freeSem__O)

.const:ti_sysbios_knl_Semaphore_Instance_State_pendQ__O 
*          0    000014e8    00000004     
[...]
1001c1b1  ti_sysbios_knl_Queue_enqueue__E                                           
1001c1bd  ti_sysbios_knl_Semaphore_Params__init__S                                  
1001c1c9  ti_sysbios_knl_Swi_Params__init__S                                        
1001c1d5  ti_sysbios_knl_Task_Params__init__S                                       
1001c1e1  ti_sysbios_knl_Task_self__E                                               
1001c1ed  ti_sysbios_hal_Hwi_Instance_finalize__E                                   
1001c1f7  ti_sysbios_family_arm_m3_Hwi_doSwiRestore__I                              
1001c1ff  ti_sysbios_family_arm_m3_Hwi_startup__E                                   
1001c207  ti_sysbios_knl_Idle_loop__E                                               
1001c20f  ti_sysbios_family_arm_m3_Hwi_doTaskRestore__I                             
1001c215  ti_sysbios_family_arm_m3_Hwi_restoreFxn__E                                
1001c21b  ti_sysbios_gates_GateHwi_leave__E                                         
1001c227  ti_sysbios_knl_Queue_Instance_init__E                                     
1001c22d  ti_sysbios_knl_Queue_elemClear__E                                         
1001c233  ti_sysbios_knl_Swi_Module_startup__E                                      
1001c239  ti_sysbios_knl_Swi_startup__E                                             
1001c23f  ti_sysbios_knl_Task_enable__E                                             
1001c245  ti_sysbios_BIOS_RtsGateProxy_enter__E                                     
1001c249  ti_sysbios_BIOS_RtsGateProxy_leave__E                                     
1001c24d  ti_sysbios_family_arm_cc26xx_Timer_getExpiredTicks__E                     
1001c251  ti_sysbios_family_arm_cc26xx_Timer_getPeriod__E                           
1001c255  ti_sysbios_family_arm_cc26xx_Timer_setPeriod__E                           
1001c259  ti_sysbios_family_arm_m3_Hwi_delete                                       
1001c25d  ti_sysbios_family_arm_m3_Hwi_destruct                                     
1001c261  ti_sysbios_family_arm_m3_TaskSupport_Module__startupDone__S               
1001c265  ti_sysbios_gates_GateHwi_query__E                                         
1001c265  xdc_runtime_System_Module_GateProxy_query__E                              
1001c269  ti_sysbios_gates_GateMutex_delete                                         
1001c26d  ti_sysbios_gates_GateMutex_destruct                                       
1001c271  ti_sysbios_BIOS_RtsGateProxy_query__E                                     
1001c271  ti_sysbios_gates_GateMutex_query__E                                       
1001c271  ti_sysbios_heaps_HeapMem_Module_GateProxy_query__E                        
1001c275  ti_sysbios_hal_Hwi_HwiProxy_Module__startupDone__S                        
1001c279  ti_sysbios_hal_Hwi_HwiProxy_delete                                        
1001c27d  ti_sysbios_hal_Hwi_HwiProxy_disableInterrupt__E                           
1001c27d  ti_sysbios_hal_Hwi_disableInterrupt__E                                    
1001c281  ti_sysbios_hal_Hwi_HwiProxy_enableInterrupt__E                            
1001c281  ti_sysbios_hal_Hwi_enableInterrupt__E                                     
1001c285  ti_sysbios_hal_Hwi_HwiProxy_getStackInfo__E                               
1001c285  ti_sysbios_hal_Hwi_getStackInfo__E                                        
1001c289  ti_sysbios_hal_Hwi_HwiProxy_startup__E                                    
1001c289  ti_sysbios_hal_Hwi_startup__E                                             
1001c28d  ti_sysbios_hal_Hwi_HwiProxy_switchFromBootStack__E                        
1001c291  ti_sysbios_hal_Hwi_delete                                                 
1001c295  ti_sysbios_hal_Hwi_switchFromBootStack__E                                 
1001c299  ti_sysbios_heaps_HeapMem_Module_GateProxy_enter__E                        
1001c29d  ti_sysbios_heaps_HeapMem_Module_GateProxy_leave__E                        
1001c2a1  ti_sysbios_heaps_HeapMem_isBlocking__E                                    
1001c2a5  ti_sysbios_knl_Clock_TimerProxy_Module__startupDone__S                    
1001c2a9  ti_sysbios_knl_Clock_TimerProxy_getExpiredTicks__E                        
1001c2ad  ti_sysbios_knl_Clock_TimerProxy_getPeriod__E                              
1001c2b1  ti_sysbios_knl_Clock_delete                                               
1001c2b5  ti_sysbios_knl_Clock_destruct                                             
1001c2b9  ti_sysbios_knl_Clock_removeI__E                                           
1001c2bd  ti_sysbios_knl_Clock_setTimeout__E                                        
1001c2c1  ti_sysbios_knl_Mailbox_delete                                             
1001c2c5  ti_sysbios_knl_Mailbox_destruct                                           
1001c2c9  ti_sysbios_knl_Queue_delete                                               
1001c2cd  ti_sysbios_knl_Queue_destruct                                             
1001c2d1  ti_sysbios_knl_Queue_head__E                                              
1001c2d5  ti_sysbios_knl_Queue_next__E                                              
1001c2d9  ti_sysbios_knl_Semaphore_delete                                           
1001c2dd  ti_sysbios_knl_Semaphore_destruct                                         
1001c2e1  ti_sysbios_knl_Swi_delete                                                 
1001c2e5  ti_sysbios_knl_Swi_destruct                                               
1001c2e9  ti_sysbios_knl_Swi_postInit__I                                            
1001c2ed  ti_sysbios_knl_Task_SupportProxy_Module__startupDone__S                   
1001c2f1  ti_sysbios_knl_Task_SupportProxy_getStackAlignment__E                     
1001c2f5  ti_sysbios_knl_Task_SupportProxy_start__E                                 
1001c2f9  ti_sysbios_knl_Task_SupportProxy_swap__E                                  
1001c2fd  ti_sysbios_knl_Task_delete                                                
1001c301  ti_sysbios_knl_Task_destruct                                              
1001c305  ti_sysbios_knl_Task_startup__E                                            
1001c309  xdc_runtime_Startup_startMods__I                                          
1001c401  xdc_runtime_Core_createObject__I                                          
1001c483  xdc_runtime_Error_policySpin__E                                           
1001c485  xdc_runtime_Memory_alloc__E                                               
1001c4f5  xdc_runtime_Core_deleteObject__I                                          
1001c555  xdc_runtime_Startup_exec__E                                               
1001c5a5  xdc_runtime_Assert_raise__I                                               
1001c5ed  xdc_runtime_Core_assignParams__I                                          
1001c635  xdc_runtime_Core_constructObject__I                                       
1001c67d  xdc_runtime_System_atexit__E                                              
1001c6b5  xdc_runtime_System_processAtExit__E                                       
1001c6e9  xdc_runtime_Core_assignLabel__I                                           
1001c719  xdc_runtime_Text_cordText__E                                              
1001c745  xdc_runtime_System_abort__E                                               
1001c765  xdc_runtime_Error_raiseX__E                                               
1001c781  xdc_runtime_Memory_valloc__E                                              
1001c79d  xdc_runtime_Core_destructObject__I                                        
1001c7b5  xdc_runtime_Error_check__E                                                
1001c7cd  xdc_runtime_System_exit__E                                                
1001c7e5  xdc_runtime_Text_ropeText__E                                              
1001c7fd  xdc_runtime_Memory_free__E                                                
1001c80d  xdc_runtime_SysCallback_abort__E                                          
1001c81d  xdc_runtime_SysCallback_exit__E                                           
1001c82d  xdc_runtime_Timestamp_SupportProxy_get32__E                               
1001c82d  xdc_runtime_Timestamp_get32__E                                            
1001c83d  xdc_runtime_Error_init__E                                                 
1001c849  xdc_runtime_Memory_calloc__E                                              
1001c855  xdc_runtime_Memory_getMaxDefaultTypeAlign__E                              
1001c875  xdc_runtime_Gate_leaveSystem__E                                           
1001c87b  xdc_runtime_System_Module_startup__E                                      
1001c881  xdc_runtime_Gate_enterSystem__E                                           
1001c885  xdc_runtime_Memory_HeapProxy_alloc__E                                     
1001c889  xdc_runtime_Memory_HeapProxy_free__E                                      
1001c88d  xdc_runtime_System_Module_GateProxy_enter__E                              
1001c891  xdc_runtime_System_Module_GateProxy_leave__E                              
1001c895  xdc_runtime_System_abortSpin__E                                           
1001c897  xdc_runtime_System_exitSpin__E                                            
1001c899  ti_sysbios_family_arm_m3_Hwi_dispatch__I                                  
1001c969  ti_sysbios_family_arm_m3_TaskSupport_buildTaskStack                       
1001c9b5  ti_sysbios_family_arm_m3_Hwi_initStacks__E                                
1001c9fd  ti_sysbios_family_arm_m3_Hwi_excHandlerAsm__I                             
1001ca1d  ti_sysbios_family_xxx_Hwi_switchAndRunFunc                                
1001ca3b  ti_sysbios_family_arm_m3_Hwi_pendSV__I                                    
1001ca53  ti_sysbios_family_arm_m3_Hwi_return                                       
1001ca55  ti_sysbios_family_arm_m3_TaskSupport_glue                                 
1001ca65  ti_sysbios_family_arm_m3_TaskSupport_swap__E                              
1001ca6d  ti_sysbios_knl_Task_swapReturn                                            
1001ca97  ti_sysbios_rom_cortexm_cc13xx_CC13xx_getRevision__E                       
20000000  ti_sysbios_family_arm_m3_Hwi_ramVectors                                   
20000100  ti_sysbios_knl_Task_Module__state__V                                      
20000144  ti_sysbios_family_arm_m3_Hwi_Module__state__V                             
20000178  ti_sysbios_knl_Clock_Module__state__V                                     
200001a4  ti_sysbios_BIOS_Module__state__V                                          
200001c8  ti_sysbios_knl_Swi_Module__state__V                                       
200001e4  ti_sysbios_family_arm_cc26xx_Timer_Module__state__V                       
200001ec  ti_sysbios_family_arm_cc26xx_TimestampProvider_Module__state__V           
200001f0  xdc_runtime_Startup_Module__state__V                                      
200001f8  xdc_runtime_System_Module__state__V                                       
20000200  xdc_runtime_Memory_Module__state__V                                       
20000520  task0Stack                                                                
20000920  ti_sysbios_heaps_HeapMem_Instance_State_0_buf__A                          
20000d20  ti_sysbios_knl_Task_Instance_State_0_stack__A                             
20000f20  spiCC26XXDMAObjects                                                       
20001218  __CIOBUF_                                                                 
20001338  i2cCC26xxObjects                                                          
20001418  ti_sysbios_family_arm_m3_Hwi_dispatchTable                                
200014f4  PIN_NumPins                                                               
20001588  xdc_runtime_SysMin_Module_State_0_outbuf__A                               
20001608  PIN_HandleTable                                                           
20001684  task0Struct                                                               
20001818  udmaObjects                                                               
20001945  driverlib_release_0_45566                                                 
20001950  PowerCC26XX_module                                                        
20001a5c  ti_sysbios_family_arm_cc26xx_Timer_Module__root__V                        
20001a64  ti_sysbios_family_arm_m3_Hwi_Module__root__V                              
20001a6c  ti_sysbios_family_arm_m3_Hwi_Object__table__V                             
20001a84  ti_sysbios_family_arm_m3_Hwi_Module_State_0_excActive__A                  
20001a88  ti_sysbios_family_arm_m3_Hwi_Module_State_0_excContext__A                 
20001a8c  ti_sysbios_family_arm_m3_Hwi_Module_State_0_excStack__A                   
20001a90  ti_sysbios_gates_GateHwi_Module__root__V                                  
20001a98  ti_sysbios_gates_GateHwi_Object__table__V                                 
20001a9c  ti_sysbios_gates_GateMutex_Module__root__V                                
20001aa4  ti_sysbios_hal_Hwi_Module__root__V                                        
20001aac  ti_sysbios_heaps_HeapMem_Module__root__V                                  
20001ab4  ti_sysbios_heaps_HeapMem_Object__table__V                                 
20001acc  ti_sysbios_knl_Clock_Module__root__V                                      
20001ad4  ti_sysbios_knl_Clock_Object__table__V                                     
20001af4  ti_sysbios_knl_Event_Module__root__V                                      
20001afc  ti_sysbios_knl_Mailbox_Module__root__V                                    
20001b04  ti_sysbios_knl_Queue_Module__root__V                                      
20001b0c  ti_sysbios_knl_Semaphore_Module__root__V                                  
20001b14  ti_sysbios_knl_Swi_Module__root__V                                        
20001b1c  ti_sysbios_knl_Task_Module__root__V                                       
20001b24  ti_sysbios_knl_Task_Module_State_0_readyQ__A                              
20001b44  ti_sysbios_knl_Task_Module_State_0_idleTask__A                            
20001b48  xdc_runtime_System_Module_State_0_atexitHandlers__A                       
20001b50  __xdc__init__addr                                                         
20001b54  ti_sysbios_knl_Swi_Module_State_0_readyQ__A                               
20001bd4  pOverrides                                                                
20001c2c  ti_sysbios_knl_Task_Object__table__V                                      
20001c78  ti_sysbios_family_arm_cc26xx_Timer_Object__table__V                       
20001cc0  RF_prop                                                                   
20001cd0  RF_cmdFs                                                                  
20001ce8  RF_cmdPropTx                                                              
20001d00  ti_sysbios_gates_GateMutex_Object__table__V                               
20001d38  ti_sysbios_knl_Swi_Object__table__V                                       
20001d68  RF_cmdPropRadioDivSetup                                                   
20001dac  ledPinTable                                                               
20001dc8  xdc_runtime_SysMin_Module__state__V                                       
20001dd4  _lock                                                                     
20001dd8  _unlock                                                                   
20001ddc  xdc_runtime_Registry_Module__state__V                                     
20001df0  main_func_sp                                                              
20004d00  __stack                                                                   
20005000  __STACK_END                                                               
e000e000  ti_sysbios_family_arm_m3_Hwi_nvic                                         
ffffffff  __binit__                                                                 
ffffffff  __c_args__                                                                
ffffffff  binit                                                                     
UNDEFED   HwiP_restore                                                              
UNDEFED   SHT$$INIT_ARRAY$$Base                                                     
UNDEFED   SHT$$INIT_ARRAY$$Limit                                                    
UNDEFED   ti_sysbios_BIOS_RtsGateProxy_Handle__label__S__mangled__                  
UNDEFED   ti_sysbios_BIOS_RtsGateProxy_Object__delete__S__mangled__                 
UNDEFED   ti_sysbios_BIOS_RtsGateProxy_Params__init__S__mangled__                   
UNDEFED   ti_sysbios_BIOS_RtsGateProxy_query__E__mangled__                          
UNDEFED   ti_sysbios_hal_Hwi_HwiProxy_Module__startupDone__S__mangled__             
UNDEFED   ti_sysbios_hal_Hwi_HwiProxy_Object__delete__S__mangled__                  
UNDEFED   ti_sysbios_hal_Hwi_HwiProxy_Params__init__S__mangled__                    
UNDEFED   ti_sysbios_hal_Hwi_HwiProxy_disableInterrupt__E__mangled__                
UNDEFED   ti_sysbios_hal_Hwi_HwiProxy_enableInterrupt__E__mangled__                 
UNDEFED   ti_sysbios_hal_Hwi_HwiProxy_getStackInfo__E__mangled__                    
UNDEFED   ti_sysbios_hal_Hwi_HwiProxy_startup__E__mangled__                         
UNDEFED   ti_sysbios_hal_Hwi_HwiProxy_switchFromBootStack__E__mangled__             
UNDEFED   ti_sysbios_hal_Hwi_disableInterrupt__E                                    
UNDEFED   ti_sysbios_hal_Hwi_enableInterrupt__E                                     
UNDEFED   ti_sysbios_hal_Hwi_getStackInfo__E                                        
UNDEFED   ti_sysbios_hal_Hwi_startup__E                                             
UNDEFED   ti_sysbios_hal_Hwi_switchFromBootStack__E                                 
UNDEFED   ti_sysbios_heaps_HeapMem_Module_GateProxy_Handle__label__S__mangled__     
UNDEFED   ti_sysbios_heaps_HeapMem_Module_GateProxy_Object__delete__S__mangled__    
UNDEFED   ti_sysbios_heaps_HeapMem_Module_GateProxy_Params__init__S__mangled__      
UNDEFED   ti_sysbios_heaps_HeapMem_Module_GateProxy_query__E__mangled__             
UNDEFED   ti_sysbios_knl_Clock_TimerProxy_Module__startupDone__S__mangled__         
UNDEFED   ti_sysbios_knl_Clock_TimerProxy_startup__E__mangled__                     
UNDEFED   ti_sysbios_knl_Task_SupportProxy_Module__startupDone__S__mangled__        
UNDEFED   ti_sysbios_knl_Task_SupportProxy_getStackAlignment__E__mangled__          
UNDEFED   ti_sysbios_knl_Task_SupportProxy_start__E__mangled__                      
UNDEFED   ti_sysbios_knl_Task_SupportProxy_swap__E__mangled__                       
UNDEFED   xdc_runtime_Main_Module_GateProxy_Handle__label__S                        
UNDEFED   xdc_runtime_Main_Module_GateProxy_Object__delete__S                       
UNDEFED   xdc_runtime_Main_Module_GateProxy_query__E                                
UNDEFED   xdc_runtime_Memory_HeapProxy_Handle__label__S__mangled__                  
UNDEFED   xdc_runtime_Memory_HeapProxy_Object__delete__S__mangled__                 
UNDEFED   xdc_runtime_System_Module_GateProxy_Handle__label__S__mangled__           
UNDEFED   xdc_runtime_System_Module_GateProxy_Object__delete__S__mangled__          
UNDEFED   xdc_runtime_System_Module_GateProxy_query__E__mangled__                   
UNDEFED   xdc_runtime_Timestamp_SupportProxy_get64__E__mangled__                    
UNDEFED   xdc_runtime_Timestamp_SupportProxy_getFreq__E__mangled__                  
UNDEFED   xdc_runtime_Timestamp_get32__E                                            
UNDEFED   xdc_runtime_Timestamp_get64__E                                            
UNDEFED   xdc_runtime_Timestamp_getFreq__E                                          

[795 symbols]
